Archive member included to satisfy reference by file (symbol)

c:/users/giuse/scoop/apps/gcc-arm-none-eabi/current/bin/../lib/gcc/arm-none-eabi/10.3.1/thumb/v7e-m/nofp\libgcc.a(_aeabi_uldivmod.o)
                              CMakeFiles/ITB_Nucleo_configuration.elf.dir/Drivers/STM32F7xx_HAL_Driver/Src/stm32f7xx_hal_rcc.c.obj (__aeabi_uldivmod)
c:/users/giuse/scoop/apps/gcc-arm-none-eabi/current/bin/../lib/gcc/arm-none-eabi/10.3.1/thumb/v7e-m/nofp\libgcc.a(_udivmoddi4.o)
                              c:/users/giuse/scoop/apps/gcc-arm-none-eabi/current/bin/../lib/gcc/arm-none-eabi/10.3.1/thumb/v7e-m/nofp\libgcc.a(_aeabi_uldivmod.o) (__udivmoddi4)
c:/users/giuse/scoop/apps/gcc-arm-none-eabi/current/bin/../lib/gcc/arm-none-eabi/10.3.1/thumb/v7e-m/nofp\libgcc.a(_dvmd_tls.o)
                              c:/users/giuse/scoop/apps/gcc-arm-none-eabi/current/bin/../lib/gcc/arm-none-eabi/10.3.1/thumb/v7e-m/nofp\libgcc.a(_aeabi_uldivmod.o) (__aeabi_ldiv0)
c:/users/giuse/scoop/apps/gcc-arm-none-eabi/current/bin/../lib/gcc/arm-none-eabi/10.3.1/../../../../arm-none-eabi/lib/thumb/v7e-m/nofp\libg.a(lib_a-errno.o)
                              CMakeFiles/ITB_Nucleo_configuration.elf.dir/Src/syscalls.c.obj (__errno)
c:/users/giuse/scoop/apps/gcc-arm-none-eabi/current/bin/../lib/gcc/arm-none-eabi/10.3.1/../../../../arm-none-eabi/lib/thumb/v7e-m/nofp\libg.a(lib_a-exit.o)
                              c:/users/giuse/scoop/apps/gcc-arm-none-eabi/current/bin/../lib/gcc/arm-none-eabi/10.3.1/../../../../arm-none-eabi/lib/thumb/v7e-m/nofp/crt0.o (exit)
c:/users/giuse/scoop/apps/gcc-arm-none-eabi/current/bin/../lib/gcc/arm-none-eabi/10.3.1/../../../../arm-none-eabi/lib/thumb/v7e-m/nofp\libg.a(lib_a-impure.o)
                              c:/users/giuse/scoop/apps/gcc-arm-none-eabi/current/bin/../lib/gcc/arm-none-eabi/10.3.1/../../../../arm-none-eabi/lib/thumb/v7e-m/nofp\libg.a(lib_a-exit.o) (_global_impure_ptr)
c:/users/giuse/scoop/apps/gcc-arm-none-eabi/current/bin/../lib/gcc/arm-none-eabi/10.3.1/../../../../arm-none-eabi/lib/thumb/v7e-m/nofp\libg.a(lib_a-init.o)
                              c:/users/giuse/scoop/apps/gcc-arm-none-eabi/current/bin/../lib/gcc/arm-none-eabi/10.3.1/../../../../arm-none-eabi/lib/thumb/v7e-m/nofp/crt0.o (__libc_init_array)
c:/users/giuse/scoop/apps/gcc-arm-none-eabi/current/bin/../lib/gcc/arm-none-eabi/10.3.1/../../../../arm-none-eabi/lib/thumb/v7e-m/nofp\libg.a(lib_a-memset.o)
                              c:/users/giuse/scoop/apps/gcc-arm-none-eabi/current/bin/../lib/gcc/arm-none-eabi/10.3.1/../../../../arm-none-eabi/lib/thumb/v7e-m/nofp/crt0.o (memset)
c:/users/giuse/scoop/apps/gcc-arm-none-eabi/current/bin/../lib/gcc/arm-none-eabi/10.3.1/../../../../arm-none-eabi/lib/thumb/v7e-m/nofp\libg.a(lib_a-__call_atexit.o)
                              c:/users/giuse/scoop/apps/gcc-arm-none-eabi/current/bin/../lib/gcc/arm-none-eabi/10.3.1/../../../../arm-none-eabi/lib/thumb/v7e-m/nofp\libg.a(lib_a-exit.o) (__call_exitprocs)
c:/users/giuse/scoop/apps/gcc-arm-none-eabi/current/bin/../lib/gcc/arm-none-eabi/10.3.1/../../../../arm-none-eabi/lib/thumb/v7e-m/nofp\libg.a(lib_a-atexit.o)
                              c:/users/giuse/scoop/apps/gcc-arm-none-eabi/current/bin/../lib/gcc/arm-none-eabi/10.3.1/../../../../arm-none-eabi/lib/thumb/v7e-m/nofp\libg.a(lib_a-__call_atexit.o) (atexit)
c:/users/giuse/scoop/apps/gcc-arm-none-eabi/current/bin/../lib/gcc/arm-none-eabi/10.3.1/../../../../arm-none-eabi/lib/thumb/v7e-m/nofp\libg.a(lib_a-fini.o)
                              c:/users/giuse/scoop/apps/gcc-arm-none-eabi/current/bin/../lib/gcc/arm-none-eabi/10.3.1/../../../../arm-none-eabi/lib/thumb/v7e-m/nofp\libg.a(lib_a-__call_atexit.o) (__libc_fini_array)
c:/users/giuse/scoop/apps/gcc-arm-none-eabi/current/bin/../lib/gcc/arm-none-eabi/10.3.1/../../../../arm-none-eabi/lib/thumb/v7e-m/nofp\libg.a(lib_a-lock.o)
                              c:/users/giuse/scoop/apps/gcc-arm-none-eabi/current/bin/../lib/gcc/arm-none-eabi/10.3.1/../../../../arm-none-eabi/lib/thumb/v7e-m/nofp\libg.a(lib_a-__call_atexit.o) (__retarget_lock_acquire_recursive)
c:/users/giuse/scoop/apps/gcc-arm-none-eabi/current/bin/../lib/gcc/arm-none-eabi/10.3.1/../../../../arm-none-eabi/lib/thumb/v7e-m/nofp\libg.a(lib_a-__atexit.o)
                              c:/users/giuse/scoop/apps/gcc-arm-none-eabi/current/bin/../lib/gcc/arm-none-eabi/10.3.1/../../../../arm-none-eabi/lib/thumb/v7e-m/nofp\libg.a(lib_a-atexit.o) (__register_exitproc)

Discarded input sections

 .text          0x00000000        0x0 c:/users/giuse/scoop/apps/gcc-arm-none-eabi/current/bin/../lib/gcc/arm-none-eabi/10.3.1/thumb/v7e-m/nofp/crti.o
 .data          0x00000000        0x0 c:/users/giuse/scoop/apps/gcc-arm-none-eabi/current/bin/../lib/gcc/arm-none-eabi/10.3.1/thumb/v7e-m/nofp/crti.o
 .bss           0x00000000        0x0 c:/users/giuse/scoop/apps/gcc-arm-none-eabi/current/bin/../lib/gcc/arm-none-eabi/10.3.1/thumb/v7e-m/nofp/crti.o
[...]
Memory Configuration

Name             Origin             Length             Attributes
RAM              0x20000000         0x00080000         xrw
FLASH            0x08000000         0x00200000         xr
*default*        0x00000000         0xffffffff

Linker script and memory map

LOAD c:/users/giuse/scoop/apps/gcc-arm-none-eabi/current/bin/../lib/gcc/arm-none-eabi/10.3.1/thumb/v7e-m/nofp/crti.o
LOAD c:/users/giuse/scoop/apps/gcc-arm-none-eabi/current/bin/../lib/gcc/arm-none-eabi/10.3.1/thumb/v7e-m/nofp/crtbegin.o
LOAD c:/users/giuse/scoop/apps/gcc-arm-none-eabi/current/bin/../lib/gcc/arm-none-eabi/10.3.1/../../../../arm-none-eabi/lib/thumb/v7e-m/nofp/crt0.o
LOAD CMakeFiles/ITB_Nucleo_configuration.elf.dir/Drivers/STM32F7xx_HAL_Driver/Src/stm32f7xx_hal.c.obj
LOAD CMakeFiles/ITB_Nucleo_configuration.elf.dir/Drivers/STM32F7xx_HAL_Driver/Src/stm32f7xx_hal_adc.c.obj
LOAD CMakeFiles/ITB_Nucleo_configuration.elf.dir/Drivers/STM32F7xx_HAL_Driver/Src/stm32f7xx_hal_adc_ex.c.obj
LOAD CMakeFiles/ITB_Nucleo_configuration.elf.dir/Drivers/STM32F7xx_HAL_Driver/Src/stm32f7xx_hal_can.c.obj
LOAD CMakeFiles/ITB_Nucleo_configuration.elf.dir/Drivers/STM32F7xx_HAL_Driver/Src/stm32f7xx_hal_cortex.c.obj
LOAD CMakeFiles/ITB_Nucleo_configuration.elf.dir/Drivers/STM32F7xx_HAL_Driver/Src/stm32f7xx_hal_dma.c.obj
LOAD CMakeFiles/ITB_Nucleo_configuration.elf.dir/Drivers/STM32F7xx_HAL_Driver/Src/stm32f7xx_hal_dma_ex.c.obj
LOAD CMakeFiles/ITB_Nucleo_configuration.elf.dir/Drivers/STM32F7xx_HAL_Driver/Src/stm32f7xx_hal_exti.c.obj
LOAD CMakeFiles/ITB_Nucleo_configuration.elf.dir/Drivers/STM32F7xx_HAL_Driver/Src/stm32f7xx_hal_flash.c.obj
LOAD CMakeFiles/ITB_Nucleo_configuration.elf.dir/Drivers/STM32F7xx_HAL_Driver/Src/stm32f7xx_hal_flash_ex.c.obj
LOAD CMakeFiles/ITB_Nucleo_configuration.elf.dir/Drivers/STM32F7xx_HAL_Driver/Src/stm32f7xx_hal_gpio.c.obj
LOAD CMakeFiles/ITB_Nucleo_configuration.elf.dir/Drivers/STM32F7xx_HAL_Driver/Src/stm32f7xx_hal_i2c.c.obj
LOAD CMakeFiles/ITB_Nucleo_configuration.elf.dir/Drivers/STM32F7xx_HAL_Driver/Src/stm32f7xx_hal_i2c_ex.c.obj
LOAD CMakeFiles/ITB_Nucleo_configuration.elf.dir/Drivers/STM32F7xx_HAL_Driver/Src/stm32f7xx_hal_pwr.c.obj
LOAD CMakeFiles/ITB_Nucleo_configuration.elf.dir/Drivers/STM32F7xx_HAL_Driver/Src/stm32f7xx_hal_pwr_ex.c.obj
LOAD CMakeFiles/ITB_Nucleo_configuration.elf.dir/Drivers/STM32F7xx_HAL_Driver/Src/stm32f7xx_hal_rcc.c.obj
LOAD CMakeFiles/ITB_Nucleo_configuration.elf.dir/Drivers/STM32F7xx_HAL_Driver/Src/stm32f7xx_hal_rcc_ex.c.obj
LOAD CMakeFiles/ITB_Nucleo_configuration.elf.dir/Drivers/STM32F7xx_HAL_Driver/Src/stm32f7xx_hal_spi.c.obj
LOAD CMakeFiles/ITB_Nucleo_configuration.elf.dir/Drivers/STM32F7xx_HAL_Driver/Src/stm32f7xx_hal_spi_ex.c.obj
LOAD CMakeFiles/ITB_Nucleo_configuration.elf.dir/Drivers/STM32F7xx_HAL_Driver/Src/stm32f7xx_hal_tim.c.obj
LOAD CMakeFiles/ITB_Nucleo_configuration.elf.dir/Drivers/STM32F7xx_HAL_Driver/Src/stm32f7xx_hal_tim_ex.c.obj
LOAD CMakeFiles/ITB_Nucleo_configuration.elf.dir/Drivers/STM32F7xx_HAL_Driver/Src/stm32f7xx_hal_uart.c.obj
LOAD CMakeFiles/ITB_Nucleo_configuration.elf.dir/Drivers/STM32F7xx_HAL_Driver/Src/stm32f7xx_hal_uart_ex.c.obj
LOAD CMakeFiles/ITB_Nucleo_configuration.elf.dir/Src/adc.c.obj
LOAD CMakeFiles/ITB_Nucleo_configuration.elf.dir/Src/can.c.obj
LOAD CMakeFiles/ITB_Nucleo_configuration.elf.dir/Src/dma.c.obj
LOAD CMakeFiles/ITB_Nucleo_configuration.elf.dir/Src/gpio.c.obj
LOAD CMakeFiles/ITB_Nucleo_configuration.elf.dir/Src/main.c.obj
LOAD CMakeFiles/ITB_Nucleo_configuration.elf.dir/Src/spi.c.obj
LOAD CMakeFiles/ITB_Nucleo_configuration.elf.dir/Src/stm32f7xx_hal_msp.c.obj
LOAD CMakeFiles/ITB_Nucleo_configuration.elf.dir/Src/stm32f7xx_it.c.obj
LOAD CMakeFiles/ITB_Nucleo_configuration.elf.dir/Src/syscalls.c.obj
LOAD CMakeFiles/ITB_Nucleo_configuration.elf.dir/Src/sysmem.c.obj
LOAD CMakeFiles/ITB_Nucleo_configuration.elf.dir/Src/system_stm32f7xx.c.obj
LOAD CMakeFiles/ITB_Nucleo_configuration.elf.dir/Src/tim.c.obj
LOAD CMakeFiles/ITB_Nucleo_configuration.elf.dir/Src/usart.c.obj
LOAD CMakeFiles/ITB_Nucleo_configuration.elf.dir/Startup/startup_stm32f767zitx.s.obj
START GROUP
LOAD c:/users/giuse/scoop/apps/gcc-arm-none-eabi/current/bin/../lib/gcc/arm-none-eabi/10.3.1/thumb/v7e-m/nofp\libgcc.a
LOAD c:/users/giuse/scoop/apps/gcc-arm-none-eabi/current/bin/../lib/gcc/arm-none-eabi/10.3.1/../../../../arm-none-eabi/lib/thumb/v7e-m/nofp\libg.a
LOAD c:/users/giuse/scoop/apps/gcc-arm-none-eabi/current/bin/../lib/gcc/arm-none-eabi/10.3.1/../../../../arm-none-eabi/lib/thumb/v7e-m/nofp\libc.a
END GROUP
LOAD c:/users/giuse/scoop/apps/gcc-arm-none-eabi/current/bin/../lib/gcc/arm-none-eabi/10.3.1/thumb/v7e-m/nofp/crtend.o
LOAD c:/users/giuse/scoop/apps/gcc-arm-none-eabi/current/bin/../lib/gcc/arm-none-eabi/10.3.1/thumb/v7e-m/nofp/crtn.o
                0x20080000                _estack = (ORIGIN (RAM) + LENGTH (RAM))
                0x00000600                _Min_Heap_Size = 0x600
                0x00001200                _Min_Stack_Size = 0x1200

.isr_vector     0x08000000      0x1f8
                0x08000000                . = ALIGN (0x4)
 *(.isr_vector)
 .isr_vector    0x08000000      0x1f8 CMakeFiles/ITB_Nucleo_configuration.elf.dir/Startup/startup_stm32f767zitx.s.obj
                0x08000000                g_pfnVectors
                0x080001f8                . = ALIGN (0x4)

.text           0x080001f8     0x39f4
                0x080001f8                . = ALIGN (0x4)
 *(.text)
 .text          0x080001f8       0x40 c:/users/giuse/scoop/apps/gcc-arm-none-eabi/current/bin/../lib/gcc/arm-none-eabi/10.3.1/thumb/v7e-m/nofp/crtbegin.o
 .text          0x08000238       0x30 c:/users/giuse/scoop/apps/gcc-arm-none-eabi/current/bin/../lib/gcc/arm-none-eabi/10.3.1/thumb/v7e-m/nofp\libgcc.a(_aeabi_uldivmod.o)
                0x08000238                __aeabi_uldivmod
 .text          0x08000268      0x2d0 c:/users/giuse/scoop/apps/gcc-arm-none-eabi/current/bin/../lib/gcc/arm-none-eabi/10.3.1/thumb/v7e-m/nofp\libgcc.a(_udivmoddi4.o)
                0x08000268                __udivmoddi4
 .text          0x08000538        0x4 c:/users/giuse/scoop/apps/gcc-arm-none-eabi/current/bin/../lib/gcc/arm-none-eabi/10.3.1/thumb/v7e-m/nofp\libgcc.a(_dvmd_tls.o)
                0x08000538                __aeabi_idiv0
                0x08000538                __aeabi_ldiv0
 *(.text*)
 .text.HAL_InitTick
                0x0800053c       0x4c CMakeFiles/ITB_Nucleo_configuration.elf.dir/Drivers/STM32F7xx_HAL_Driver/Src/stm32f7xx_hal.c.obj
                0x0800053c                HAL_InitTick
 .text.HAL_Init
                0x08000588       0x16 CMakeFiles/ITB_Nucleo_configuration.elf.dir/Drivers/STM32F7xx_HAL_Driver/Src/stm32f7xx_hal.c.obj
                0x08000588                HAL_Init
 *fill*         0x0800059e        0x2 
 .text.HAL_IncTick
                0x080005a0       0x18 CMakeFiles/ITB_Nucleo_configuration.elf.dir/Drivers/STM32F7xx_HAL_Driver/Src/stm32f7xx_hal.c.obj
                0x080005a0                HAL_IncTick
 .text.HAL_GetTick
                0x080005b8        0xc CMakeFiles/ITB_Nucleo_configuration.elf.dir/Drivers/STM32F7xx_HAL_Driver/Src/stm32f7xx_hal.c.obj
                0x080005b8                HAL_GetTick
 .text.ADC_Init
                0x080005c4      0x134 CMakeFiles/ITB_Nucleo_configuration.elf.dir/Drivers/STM32F7xx_HAL_Driver/Src/stm32f7xx_hal_adc.c.obj
 .text.HAL_ADC_Init
                0x080006f8       0x58 CMakeFiles/ITB_Nucleo_configuration.elf.dir/Drivers/STM32F7xx_HAL_Driver/Src/stm32f7xx_hal_adc.c.obj
                0x080006f8                HAL_ADC_Init
 .text.HAL_ADC_ConfigChannel
                0x08000750      0x1e4 CMakeFiles/ITB_Nucleo_configuration.elf.dir/Drivers/STM32F7xx_HAL_Driver/Src/stm32f7xx_hal_adc.c.obj
                0x08000750                HAL_ADC_ConfigChannel
 .text.HAL_CAN_Init
                0x08000934      0x14c CMakeFiles/ITB_Nucleo_configuration.elf.dir/Drivers/STM32F7xx_HAL_Driver/Src/stm32f7xx_hal_can.c.obj
                0x08000934                HAL_CAN_Init
 .text.HAL_CAN_TxMailbox0CompleteCallback
                0x08000a80        0x2 CMakeFiles/ITB_Nucleo_configuration.elf.dir/Drivers/STM32F7xx_HAL_Driver/Src/stm32f7xx_hal_can.c.obj
                0x08000a80                HAL_CAN_TxMailbox0CompleteCallback
 .text.HAL_CAN_TxMailbox1CompleteCallback
                0x08000a82        0x2 CMakeFiles/ITB_Nucleo_configuration.elf.dir/Drivers/STM32F7xx_HAL_Driver/Src/stm32f7xx_hal_can.c.obj
                0x08000a82                HAL_CAN_TxMailbox1CompleteCallback
 .text.HAL_CAN_TxMailbox2CompleteCallback
                0x08000a84        0x2 CMakeFiles/ITB_Nucleo_configuration.elf.dir/Drivers/STM32F7xx_HAL_Driver/Src/stm32f7xx_hal_can.c.obj
                0x08000a84                HAL_CAN_TxMailbox2CompleteCallback
 .text.HAL_CAN_TxMailbox0AbortCallback
                0x08000a86        0x2 CMakeFiles/ITB_Nucleo_configuration.elf.dir/Drivers/STM32F7xx_HAL_Driver/Src/stm32f7xx_hal_can.c.obj
                0x08000a86                HAL_CAN_TxMailbox0AbortCallback
 .text.HAL_CAN_TxMailbox1AbortCallback
                0x08000a88        0x2 CMakeFiles/ITB_Nucleo_configuration.elf.dir/Drivers/STM32F7xx_HAL_Driver/Src/stm32f7xx_hal_can.c.obj
                0x08000a88                HAL_CAN_TxMailbox1AbortCallback
 .text.HAL_CAN_TxMailbox2AbortCallback
                0x08000a8a        0x2 CMakeFiles/ITB_Nucleo_configuration.elf.dir/Drivers/STM32F7xx_HAL_Driver/Src/stm32f7xx_hal_can.c.obj
                0x08000a8a                HAL_CAN_TxMailbox2AbortCallback
 .text.HAL_CAN_RxFifo0MsgPendingCallback
                0x08000a8c        0x2 CMakeFiles/ITB_Nucleo_configuration.elf.dir/Drivers/STM32F7xx_HAL_Driver/Src/stm32f7xx_hal_can.c.obj
                0x08000a8c                HAL_CAN_RxFifo0MsgPendingCallback
 .text.HAL_CAN_RxFifo0FullCallback
                0x08000a8e        0x2 CMakeFiles/ITB_Nucleo_configuration.elf.dir/Drivers/STM32F7xx_HAL_Driver/Src/stm32f7xx_hal_can.c.obj
                0x08000a8e                HAL_CAN_RxFifo0FullCallback
 .text.HAL_CAN_RxFifo1MsgPendingCallback
                0x08000a90        0x2 CMakeFiles/ITB_Nucleo_configuration.elf.dir/Drivers/STM32F7xx_HAL_Driver/Src/stm32f7xx_hal_can.c.obj
                0x08000a90                HAL_CAN_RxFifo1MsgPendingCallback
 .text.HAL_CAN_RxFifo1FullCallback
                0x08000a92        0x2 CMakeFiles/ITB_Nucleo_configuration.elf.dir/Drivers/STM32F7xx_HAL_Driver/Src/stm32f7xx_hal_can.c.obj
                0x08000a92                HAL_CAN_RxFifo1FullCallback
 .text.HAL_CAN_SleepCallback
                0x08000a94        0x2 CMakeFiles/ITB_Nucleo_configuration.elf.dir/Drivers/STM32F7xx_HAL_Driver/Src/stm32f7xx_hal_can.c.obj
                0x08000a94                HAL_CAN_SleepCallback
 .text.HAL_CAN_WakeUpFromRxMsgCallback
                0x08000a96        0x2 CMakeFiles/ITB_Nucleo_configuration.elf.dir/Drivers/STM32F7xx_HAL_Driver/Src/stm32f7xx_hal_can.c.obj
                0x08000a96                HAL_CAN_WakeUpFromRxMsgCallback
 .text.HAL_CAN_ErrorCallback
                0x08000a98        0x2 CMakeFiles/ITB_Nucleo_configuration.elf.dir/Drivers/STM32F7xx_HAL_Driver/Src/stm32f7xx_hal_can.c.obj
                0x08000a98                HAL_CAN_ErrorCallback
 .text.HAL_CAN_IRQHandler
                0x08000a9a      0x24a CMakeFiles/ITB_Nucleo_configuration.elf.dir/Drivers/STM32F7xx_HAL_Driver/Src/stm32f7xx_hal_can.c.obj
                0x08000a9a                HAL_CAN_IRQHandler
 .text.HAL_NVIC_SetPriorityGrouping
                0x08000ce4       0x24 CMakeFiles/ITB_Nucleo_configuration.elf.dir/Drivers/STM32F7xx_HAL_Driver/Src/stm32f7xx_hal_cortex.c.obj
                0x08000ce4                HAL_NVIC_SetPriorityGrouping
 .text.HAL_NVIC_SetPriority
                0x08000d08       0x6c CMakeFiles/ITB_Nucleo_configuration.elf.dir/Drivers/STM32F7xx_HAL_Driver/Src/stm32f7xx_hal_cortex.c.obj
                0x08000d08                HAL_NVIC_SetPriority
 .text.HAL_NVIC_EnableIRQ
                0x08000d74       0x1c CMakeFiles/ITB_Nucleo_configuration.elf.dir/Drivers/STM32F7xx_HAL_Driver/Src/stm32f7xx_hal_cortex.c.obj
                0x08000d74                HAL_NVIC_EnableIRQ
 .text.HAL_SYSTICK_Config
                0x08000d90       0x28 CMakeFiles/ITB_Nucleo_configuration.elf.dir/Drivers/STM32F7xx_HAL_Driver/Src/stm32f7xx_hal_cortex.c.obj
                0x08000d90                HAL_SYSTICK_Config
 .text.DMA_CalcBaseAndBitshift
                0x08000db8       0x3c CMakeFiles/ITB_Nucleo_configuration.elf.dir/Drivers/STM32F7xx_HAL_Driver/Src/stm32f7xx_hal_dma.c.obj
 .text.DMA_CheckFifoParam
                0x08000df4       0x8e CMakeFiles/ITB_Nucleo_configuration.elf.dir/Drivers/STM32F7xx_HAL_Driver/Src/stm32f7xx_hal_dma.c.obj
 *fill*         0x08000e82        0x2 
 .text.HAL_DMA_Init
                0x08000e84       0xcc CMakeFiles/ITB_Nucleo_configuration.elf.dir/Drivers/STM32F7xx_HAL_Driver/Src/stm32f7xx_hal_dma.c.obj
                0x08000e84                HAL_DMA_Init
 .text.HAL_DMA_Abort
                0x08000f50       0x94 CMakeFiles/ITB_Nucleo_configuration.elf.dir/Drivers/STM32F7xx_HAL_Driver/Src/stm32f7xx_hal_dma.c.obj
                0x08000f50                HAL_DMA_Abort
 .text.HAL_DMA_Abort_IT
                0x08000fe4       0x26 CMakeFiles/ITB_Nucleo_configuration.elf.dir/Drivers/STM32F7xx_HAL_Driver/Src/stm32f7xx_hal_dma.c.obj
                0x08000fe4                HAL_DMA_Abort_IT
 *fill*         0x0800100a        0x2 
 .text.HAL_DMA_IRQHandler
                0x0800100c      0x1dc CMakeFiles/ITB_Nucleo_configuration.elf.dir/Drivers/STM32F7xx_HAL_Driver/Src/stm32f7xx_hal_dma.c.obj
                0x0800100c                HAL_DMA_IRQHandler
 .text.HAL_GPIO_Init
                0x080011e8      0x1f8 CMakeFiles/ITB_Nucleo_configuration.elf.dir/Drivers/STM32F7xx_HAL_Driver/Src/stm32f7xx_hal_gpio.c.obj
                0x080011e8                HAL_GPIO_Init
 .text.HAL_GPIO_WritePin
                0x080013e0        0xc CMakeFiles/ITB_Nucleo_configuration.elf.dir/Drivers/STM32F7xx_HAL_Driver/Src/stm32f7xx_hal_gpio.c.obj
                0x080013e0                HAL_GPIO_WritePin
 .text.HAL_PWREx_EnableOverDrive
                0x080013ec       0x7c CMakeFiles/ITB_Nucleo_configuration.elf.dir/Drivers/STM32F7xx_HAL_Driver/Src/stm32f7xx_hal_pwr_ex.c.obj
                0x080013ec                HAL_PWREx_EnableOverDrive
 .text.HAL_RCC_OscConfig
                0x08001468      0x444 CMakeFiles/ITB_Nucleo_configuration.elf.dir/Drivers/STM32F7xx_HAL_Driver/Src/stm32f7xx_hal_rcc.c.obj
                0x08001468                HAL_RCC_OscConfig
 .text.HAL_RCC_GetSysClockFreq
                0x080018ac       0xd4 CMakeFiles/ITB_Nucleo_configuration.elf.dir/Drivers/STM32F7xx_HAL_Driver/Src/stm32f7xx_hal_rcc.c.obj
                0x080018ac                HAL_RCC_GetSysClockFreq
 .text.HAL_RCC_ClockConfig
                0x08001980      0x16c CMakeFiles/ITB_Nucleo_configuration.elf.dir/Drivers/STM32F7xx_HAL_Driver/Src/stm32f7xx_hal_rcc.c.obj
                0x08001980                HAL_RCC_ClockConfig
 .text.HAL_RCC_GetHCLKFreq
                0x08001aec        0xc CMakeFiles/ITB_Nucleo_configuration.elf.dir/Drivers/STM32F7xx_HAL_Driver/Src/stm32f7xx_hal_rcc.c.obj
                0x08001aec                HAL_RCC_GetHCLKFreq
 .text.HAL_RCC_GetPCLK1Freq
                0x08001af8       0x20 CMakeFiles/ITB_Nucleo_configuration.elf.dir/Drivers/STM32F7xx_HAL_Driver/Src/stm32f7xx_hal_rcc.c.obj
                0x08001af8                HAL_RCC_GetPCLK1Freq
 .text.HAL_RCC_GetPCLK2Freq
                0x08001b18       0x20 CMakeFiles/ITB_Nucleo_configuration.elf.dir/Drivers/STM32F7xx_HAL_Driver/Src/stm32f7xx_hal_rcc.c.obj
                0x08001b18                HAL_RCC_GetPCLK2Freq
 .text.HAL_RCCEx_PeriphCLKConfig
                0x08001b38      0x600 CMakeFiles/ITB_Nucleo_configuration.elf.dir/Drivers/STM32F7xx_HAL_Driver/Src/stm32f7xx_hal_rcc_ex.c.obj
                0x08001b38                HAL_RCCEx_PeriphCLKConfig
 .text.HAL_SPI_Init
                0x08002138       0xe8 CMakeFiles/ITB_Nucleo_configuration.elf.dir/Drivers/STM32F7xx_HAL_Driver/Src/stm32f7xx_hal_spi.c.obj
                0x08002138                HAL_SPI_Init
 .text.HAL_SPI_ErrorCallback
                0x08002220        0x2 CMakeFiles/ITB_Nucleo_configuration.elf.dir/Drivers/STM32F7xx_HAL_Driver/Src/stm32f7xx_hal_spi.c.obj
                0x08002220                HAL_SPI_ErrorCallback
 *fill*         0x08002222        0x2 
 .text.HAL_SPI_IRQHandler
                0x08002224      0x124 CMakeFiles/ITB_Nucleo_configuration.elf.dir/Drivers/STM32F7xx_HAL_Driver/Src/stm32f7xx_hal_spi.c.obj
                0x08002224                HAL_SPI_IRQHandler
 .text.SPI_DMAAbortOnError
                0x08002348       0x12 CMakeFiles/ITB_Nucleo_configuration.elf.dir/Drivers/STM32F7xx_HAL_Driver/Src/stm32f7xx_hal_spi.c.obj
 .text.HAL_TIM_PeriodElapsedCallback
                0x0800235a        0x2 CMakeFiles/ITB_Nucleo_configuration.elf.dir/Drivers/STM32F7xx_HAL_Driver/Src/stm32f7xx_hal_tim.c.obj
                0x0800235a                HAL_TIM_PeriodElapsedCallback
 .text.HAL_TIM_OC_DelayElapsedCallback
                0x0800235c        0x2 CMakeFiles/ITB_Nucleo_configuration.elf.dir/Drivers/STM32F7xx_HAL_Driver/Src/stm32f7xx_hal_tim.c.obj
                0x0800235c                HAL_TIM_OC_DelayElapsedCallback
 .text.HAL_TIM_IC_CaptureCallback
                0x0800235e        0x2 CMakeFiles/ITB_Nucleo_configuration.elf.dir/Drivers/STM32F7xx_HAL_Driver/Src/stm32f7xx_hal_tim.c.obj
                0x0800235e                HAL_TIM_IC_CaptureCallback
 .text.HAL_TIM_PWM_PulseFinishedCallback
                0x08002360        0x2 CMakeFiles/ITB_Nucleo_configuration.elf.dir/Drivers/STM32F7xx_HAL_Driver/Src/stm32f7xx_hal_tim.c.obj
                0x08002360                HAL_TIM_PWM_PulseFinishedCallback
 .text.HAL_TIM_TriggerCallback
                0x08002362        0x2 CMakeFiles/ITB_Nucleo_configuration.elf.dir/Drivers/STM32F7xx_HAL_Driver/Src/stm32f7xx_hal_tim.c.obj
                0x08002362                HAL_TIM_TriggerCallback
 .text.HAL_TIM_IRQHandler
                0x08002364      0x19a CMakeFiles/ITB_Nucleo_configuration.elf.dir/Drivers/STM32F7xx_HAL_Driver/Src/stm32f7xx_hal_tim.c.obj
                0x08002364                HAL_TIM_IRQHandler
 *fill*         0x080024fe        0x2 
 .text.TIM_Base_SetConfig
                0x08002500      0x110 CMakeFiles/ITB_Nucleo_configuration.elf.dir/Drivers/STM32F7xx_HAL_Driver/Src/stm32f7xx_hal_tim.c.obj
                0x08002500                TIM_Base_SetConfig
 .text.HAL_TIM_Base_Init
                0x08002610       0x60 CMakeFiles/ITB_Nucleo_configuration.elf.dir/Drivers/STM32F7xx_HAL_Driver/Src/stm32f7xx_hal_tim.c.obj
                0x08002610                HAL_TIM_Base_Init
 .text.HAL_TIMEx_MasterConfigSynchronization
                0x08002670       0xa0 CMakeFiles/ITB_Nucleo_configuration.elf.dir/Drivers/STM32F7xx_HAL_Driver/Src/stm32f7xx_hal_tim_ex.c.obj
                0x08002670                HAL_TIMEx_MasterConfigSynchronization
 .text.HAL_TIMEx_CommutCallback
                0x08002710        0x2 CMakeFiles/ITB_Nucleo_configuration.elf.dir/Drivers/STM32F7xx_HAL_Driver/Src/stm32f7xx_hal_tim_ex.c.obj
                0x08002710                HAL_TIMEx_CommutCallback
 .text.HAL_TIMEx_BreakCallback
                0x08002712        0x2 CMakeFiles/ITB_Nucleo_configuration.elf.dir/Drivers/STM32F7xx_HAL_Driver/Src/stm32f7xx_hal_tim_ex.c.obj
                0x08002712                HAL_TIMEx_BreakCallback
 .text.HAL_TIMEx_Break2Callback
                0x08002714        0x2 CMakeFiles/ITB_Nucleo_configuration.elf.dir/Drivers/STM32F7xx_HAL_Driver/Src/stm32f7xx_hal_tim_ex.c.obj
                0x08002714                HAL_TIMEx_Break2Callback
 .text.UART_EndRxTransfer
                0x08002716       0x50 CMakeFiles/ITB_Nucleo_configuration.elf.dir/Drivers/STM32F7xx_HAL_Driver/Src/stm32f7xx_hal_uart.c.obj
 .text.HAL_UART_TxCpltCallback
                0x08002766        0x2 CMakeFiles/ITB_Nucleo_configuration.elf.dir/Drivers/STM32F7xx_HAL_Driver/Src/stm32f7xx_hal_uart.c.obj
                0x08002766                HAL_UART_TxCpltCallback
 .text.UART_EndTransmit_IT
                0x08002768       0x22 CMakeFiles/ITB_Nucleo_configuration.elf.dir/Drivers/STM32F7xx_HAL_Driver/Src/stm32f7xx_hal_uart.c.obj
 .text.HAL_UART_ErrorCallback
                0x0800278a        0x2 CMakeFiles/ITB_Nucleo_configuration.elf.dir/Drivers/STM32F7xx_HAL_Driver/Src/stm32f7xx_hal_uart.c.obj
                0x0800278a                HAL_UART_ErrorCallback
 .text.UART_DMAAbortOnError
                0x0800278c       0x14 CMakeFiles/ITB_Nucleo_configuration.elf.dir/Drivers/STM32F7xx_HAL_Driver/Src/stm32f7xx_hal_uart.c.obj
 .text.HAL_UARTEx_RxEventCallback
                0x080027a0        0x2 CMakeFiles/ITB_Nucleo_configuration.elf.dir/Drivers/STM32F7xx_HAL_Driver/Src/stm32f7xx_hal_uart.c.obj
                0x080027a0                HAL_UARTEx_RxEventCallback
 .text.HAL_UARTEx_WakeupCallback
                0x080027a2        0x2 CMakeFiles/ITB_Nucleo_configuration.elf.dir/Drivers/STM32F7xx_HAL_Driver/Src/stm32f7xx_hal_uart.c.obj
                0x080027a2                HAL_UARTEx_WakeupCallback
 .text.HAL_UART_IRQHandler
                0x080027a4      0x2e0 CMakeFiles/ITB_Nucleo_configuration.elf.dir/Drivers/STM32F7xx_HAL_Driver/Src/stm32f7xx_hal_uart.c.obj
                0x080027a4                HAL_UART_IRQHandler
 .text.UART_SetConfig
                0x08002a84      0x330 CMakeFiles/ITB_Nucleo_configuration.elf.dir/Drivers/STM32F7xx_HAL_Driver/Src/stm32f7xx_hal_uart.c.obj
                0x08002a84                UART_SetConfig
 .text.UART_AdvFeatureConfig
                0x08002db4       0xca CMakeFiles/ITB_Nucleo_configuration.elf.dir/Drivers/STM32F7xx_HAL_Driver/Src/stm32f7xx_hal_uart.c.obj
                0x08002db4                UART_AdvFeatureConfig
 .text.UART_WaitOnFlagUntilTimeout
                0x08002e7e       0xd4 CMakeFiles/ITB_Nucleo_configuration.elf.dir/Drivers/STM32F7xx_HAL_Driver/Src/stm32f7xx_hal_uart.c.obj
                0x08002e7e                UART_WaitOnFlagUntilTimeout
 .text.UART_CheckIdleState
                0x08002f52       0x70 CMakeFiles/ITB_Nucleo_configuration.elf.dir/Drivers/STM32F7xx_HAL_Driver/Src/stm32f7xx_hal_uart.c.obj
                0x08002f52                UART_CheckIdleState
 .text.HAL_UART_Init
                0x08002fc2       0x62 CMakeFiles/ITB_Nucleo_configuration.elf.dir/Drivers/STM32F7xx_HAL_Driver/Src/stm32f7xx_hal_uart.c.obj
                0x08002fc2                HAL_UART_Init
 .text.MX_ADC1_Init
                0x08003024       0x6c CMakeFiles/ITB_Nucleo_configuration.elf.dir/Src/adc.c.obj
                0x08003024                MX_ADC1_Init
 .text.HAL_ADC_MspInit
                0x08003090       0x64 CMakeFiles/ITB_Nucleo_configuration.elf.dir/Src/adc.c.obj
                0x08003090                HAL_ADC_MspInit
 .text.MX_CAN1_Init
                0x080030f4       0x40 CMakeFiles/ITB_Nucleo_configuration.elf.dir/Src/can.c.obj
                0x080030f4                MX_CAN1_Init
 .text.HAL_CAN_MspInit
                0x08003134       0x78 CMakeFiles/ITB_Nucleo_configuration.elf.dir/Src/can.c.obj
                0x08003134                HAL_CAN_MspInit
 .text.MX_DMA_Init
                0x080031ac       0x34 CMakeFiles/ITB_Nucleo_configuration.elf.dir/Src/dma.c.obj
                0x080031ac                MX_DMA_Init
 .text.MX_GPIO_Init
                0x080031e0      0x1b4 CMakeFiles/ITB_Nucleo_configuration.elf.dir/Src/gpio.c.obj
                0x080031e0                MX_GPIO_Init
 .text.SystemClock_Config
                0x08003394       0xac CMakeFiles/ITB_Nucleo_configuration.elf.dir/Src/main.c.obj
                0x08003394                SystemClock_Config
 .text.main     0x08003440       0x34 CMakeFiles/ITB_Nucleo_configuration.elf.dir/Src/main.c.obj
                0x08003440                main
 .text.Error_Handler
                0x08003474        0x2 CMakeFiles/ITB_Nucleo_configuration.elf.dir/Src/main.c.obj
                0x08003474                Error_Handler
 *fill*         0x08003476        0x2 
 .text.MX_SPI1_Init
                0x08003478       0x50 CMakeFiles/ITB_Nucleo_configuration.elf.dir/Src/spi.c.obj
                0x08003478                MX_SPI1_Init
 .text.MX_SPI2_Init
                0x080034c8       0x40 CMakeFiles/ITB_Nucleo_configuration.elf.dir/Src/spi.c.obj
                0x080034c8                MX_SPI2_Init
 .text.MX_SPI3_Init
                0x08003508       0x4c CMakeFiles/ITB_Nucleo_configuration.elf.dir/Src/spi.c.obj
                0x08003508                MX_SPI3_Init
 .text.HAL_SPI_MspInit
                0x08003554      0x1a4 CMakeFiles/ITB_Nucleo_configuration.elf.dir/Src/spi.c.obj
                0x08003554                HAL_SPI_MspInit
 .text.HAL_MspInit
                0x080036f8       0x30 CMakeFiles/ITB_Nucleo_configuration.elf.dir/Src/stm32f7xx_hal_msp.c.obj
                0x080036f8                HAL_MspInit
 .text.NMI_Handler
                0x08003728        0x2 CMakeFiles/ITB_Nucleo_configuration.elf.dir/Src/stm32f7xx_it.c.obj
                0x08003728                NMI_Handler
 .text.HardFault_Handler
                0x0800372a        0x2 CMakeFiles/ITB_Nucleo_configuration.elf.dir/Src/stm32f7xx_it.c.obj
                0x0800372a                HardFault_Handler
 .text.MemManage_Handler
                0x0800372c        0x2 CMakeFiles/ITB_Nucleo_configuration.elf.dir/Src/stm32f7xx_it.c.obj
                0x0800372c                MemManage_Handler
 .text.BusFault_Handler
                0x0800372e        0x2 CMakeFiles/ITB_Nucleo_configuration.elf.dir/Src/stm32f7xx_it.c.obj
                0x0800372e                BusFault_Handler
 .text.UsageFault_Handler
                0x08003730        0x2 CMakeFiles/ITB_Nucleo_configuration.elf.dir/Src/stm32f7xx_it.c.obj
                0x08003730                UsageFault_Handler
 .text.SVC_Handler
                0x08003732        0x2 CMakeFiles/ITB_Nucleo_configuration.elf.dir/Src/stm32f7xx_it.c.obj
                0x08003732                SVC_Handler
 .text.DebugMon_Handler
                0x08003734        0x2 CMakeFiles/ITB_Nucleo_configuration.elf.dir/Src/stm32f7xx_it.c.obj
                0x08003734                DebugMon_Handler
 .text.PendSV_Handler
                0x08003736        0x2 CMakeFiles/ITB_Nucleo_configuration.elf.dir/Src/stm32f7xx_it.c.obj
                0x08003736                PendSV_Handler
 .text.SysTick_Handler
                0x08003738        0x8 CMakeFiles/ITB_Nucleo_configuration.elf.dir/Src/stm32f7xx_it.c.obj
                0x08003738                SysTick_Handler
 .text.DMA1_Stream3_IRQHandler
                0x08003740       0x10 CMakeFiles/ITB_Nucleo_configuration.elf.dir/Src/stm32f7xx_it.c.obj
                0x08003740                DMA1_Stream3_IRQHandler
 .text.CAN1_RX0_IRQHandler
                0x08003750       0x10 CMakeFiles/ITB_Nucleo_configuration.elf.dir/Src/stm32f7xx_it.c.obj
                0x08003750                CAN1_RX0_IRQHandler
 .text.SPI1_IRQHandler
                0x08003760       0x10 CMakeFiles/ITB_Nucleo_configuration.elf.dir/Src/stm32f7xx_it.c.obj
                0x08003760                SPI1_IRQHandler
 .text.SPI2_IRQHandler
                0x08003770       0x10 CMakeFiles/ITB_Nucleo_configuration.elf.dir/Src/stm32f7xx_it.c.obj
                0x08003770                SPI2_IRQHandler
 .text.USART3_IRQHandler
                0x08003780       0x10 CMakeFiles/ITB_Nucleo_configuration.elf.dir/Src/stm32f7xx_it.c.obj
                0x08003780                USART3_IRQHandler
 .text.TIM6_DAC_IRQHandler
                0x08003790       0x10 CMakeFiles/ITB_Nucleo_configuration.elf.dir/Src/stm32f7xx_it.c.obj
                0x08003790                TIM6_DAC_IRQHandler
 .text.TIM7_IRQHandler
                0x080037a0       0x10 CMakeFiles/ITB_Nucleo_configuration.elf.dir/Src/stm32f7xx_it.c.obj
                0x080037a0                TIM7_IRQHandler
 .text.SystemInit
                0x080037b0        0x2 CMakeFiles/ITB_Nucleo_configuration.elf.dir/Src/system_stm32f7xx.c.obj
                0x080037b0                SystemInit
 *fill*         0x080037b2        0x2 
 .text.MX_TIM6_Init
                0x080037b4       0x50 CMakeFiles/ITB_Nucleo_configuration.elf.dir/Src/tim.c.obj
                0x080037b4                MX_TIM6_Init
 .text.MX_TIM7_Init
                0x08003804       0x50 CMakeFiles/ITB_Nucleo_configuration.elf.dir/Src/tim.c.obj
                0x08003804                MX_TIM7_Init
 .text.HAL_TIM_Base_MspInit
                0x08003854       0x70 CMakeFiles/ITB_Nucleo_configuration.elf.dir/Src/tim.c.obj
                0x08003854                HAL_TIM_Base_MspInit
 .text.MX_USART3_UART_Init
                0x080038c4       0x38 CMakeFiles/ITB_Nucleo_configuration.elf.dir/Src/usart.c.obj
                0x080038c4                MX_USART3_UART_Init
 .text.HAL_UART_MspInit
                0x080038fc       0xb8 CMakeFiles/ITB_Nucleo_configuration.elf.dir/Src/usart.c.obj
                0x080038fc                HAL_UART_MspInit
 .text.Reset_Handler
                0x080039b4       0x50 CMakeFiles/ITB_Nucleo_configuration.elf.dir/Startup/startup_stm32f767zitx.s.obj
                0x080039b4                Reset_Handler
 .text.Default_Handler
                0x08003a04        0x2 CMakeFiles/ITB_Nucleo_configuration.elf.dir/Startup/startup_stm32f767zitx.s.obj
                0x08003a04                RTC_Alarm_IRQHandler
                0x08003a04                EXTI2_IRQHandler
                0x08003a04                TIM8_CC_IRQHandler
                0x08003a04                UART8_IRQHandler
                0x08003a04                SPI4_IRQHandler
                0x08003a04                TIM1_CC_IRQHandler
                0x08003a04                DMA2_Stream5_IRQHandler
                0x08003a04                JPEG_IRQHandler
                0x08003a04                DMA1_Stream5_IRQHandler
                0x08003a04                CAN3_RX1_IRQHandler
                0x08003a04                PVD_IRQHandler
                0x08003a04                TAMP_STAMP_IRQHandler
                0x08003a04                CAN2_RX1_IRQHandler
                0x08003a04                EXTI3_IRQHandler
                0x08003a04                TIM8_TRG_COM_TIM14_IRQHandler
                0x08003a04                DFSDM1_FLT1_IRQHandler
                0x08003a04                TIM1_UP_TIM10_IRQHandler
                0x08003a04                TIM8_UP_TIM13_IRQHandler
                0x08003a04                I2C3_ER_IRQHandler
                0x08003a04                DFSDM1_FLT2_IRQHandler
                0x08003a04                EXTI0_IRQHandler
                0x08003a04                I2C2_EV_IRQHandler
                0x08003a04                DMA1_Stream2_IRQHandler
                0x08003a04                FPU_IRQHandler
                0x08003a04                OTG_HS_WKUP_IRQHandler
                0x08003a04                CAN3_SCE_IRQHandler
                0x08003a04                LTDC_ER_IRQHandler
                0x08003a04                CAN2_SCE_IRQHandler
                0x08003a04                DMA2_Stream2_IRQHandler
                0x08003a04                TIM1_BRK_TIM9_IRQHandler
                0x08003a04                DCMI_IRQHandler
                0x08003a04                CAN2_RX0_IRQHandler
                0x08003a04                DMA2_Stream3_IRQHandler
                0x08003a04                SAI2_IRQHandler
                0x08003a04                DFSDM1_FLT3_IRQHandler
                0x08003a04                USART6_IRQHandler
                0x08003a04                CAN3_RX0_IRQHandler
                0x08003a04                CAN1_RX1_IRQHandler
                0x08003a04                UART5_IRQHandler
                0x08003a04                DMA2_Stream0_IRQHandler
                0x08003a04                TIM4_IRQHandler
                0x08003a04                QUADSPI_IRQHandler
                0x08003a04                I2C1_EV_IRQHandler
                0x08003a04                DMA1_Stream6_IRQHandler
                0x08003a04                DMA1_Stream1_IRQHandler
                0x08003a04                UART4_IRQHandler
                0x08003a04                TIM3_IRQHandler
                0x08003a04                RCC_IRQHandler
                0x08003a04                TIM8_BRK_TIM12_IRQHandler
                0x08003a04                Default_Handler
                0x08003a04                CEC_IRQHandler
                0x08003a04                EXTI15_10_IRQHandler
                0x08003a04                ADC_IRQHandler
                0x08003a04                DMA1_Stream7_IRQHandler
                0x08003a04                SPI5_IRQHandler
                0x08003a04                SDMMC1_IRQHandler
                0x08003a04                CAN2_TX_IRQHandler
                0x08003a04                TIM5_IRQHandler
                0x08003a04                DMA2_Stream7_IRQHandler
                0x08003a04                I2C3_EV_IRQHandler
                0x08003a04                EXTI9_5_IRQHandler
                0x08003a04                RTC_WKUP_IRQHandler
                0x08003a04                LTDC_IRQHandler
                0x08003a04                ETH_WKUP_IRQHandler
                0x08003a04                SPDIF_RX_IRQHandler
                0x08003a04                OTG_HS_EP1_IN_IRQHandler
                0x08003a04                DMA1_Stream0_IRQHandler
                0x08003a04                CAN1_TX_IRQHandler
                0x08003a04                EXTI4_IRQHandler
                0x08003a04                RNG_IRQHandler
                0x08003a04                ETH_IRQHandler
                0x08003a04                OTG_HS_EP1_OUT_IRQHandler
                0x08003a04                WWDG_IRQHandler
                0x08003a04                SPI6_IRQHandler
                0x08003a04                MDIOS_IRQHandler
                0x08003a04                I2C4_EV_IRQHandler
                0x08003a04                CAN3_TX_IRQHandler
                0x08003a04                TIM2_IRQHandler
                0x08003a04                OTG_FS_WKUP_IRQHandler
                0x08003a04                TIM1_TRG_COM_TIM11_IRQHandler
                0x08003a04                OTG_HS_IRQHandler
                0x08003a04                DMA2D_IRQHandler
                0x08003a04                EXTI1_IRQHandler
                0x08003a04                SDMMC2_IRQHandler
                0x08003a04                UART7_IRQHandler
                0x08003a04                USART2_IRQHandler
                0x08003a04                DFSDM1_FLT0_IRQHandler
                0x08003a04                I2C2_ER_IRQHandler
                0x08003a04                DMA2_Stream1_IRQHandler
                0x08003a04                CAN1_SCE_IRQHandler
                0x08003a04                FLASH_IRQHandler
                0x08003a04                DMA2_Stream4_IRQHandler
                0x08003a04                USART1_IRQHandler
                0x08003a04                OTG_FS_IRQHandler
                0x08003a04                SPI3_IRQHandler
                0x08003a04                DMA1_Stream4_IRQHandler
                0x08003a04                I2C1_ER_IRQHandler
                0x08003a04                FMC_IRQHandler
                0x08003a04                LPTIM1_IRQHandler
                0x08003a04                I2C4_ER_IRQHandler
                0x08003a04                DMA2_Stream6_IRQHandler
                0x08003a04                SAI1_IRQHandler
 *fill*         0x08003a06        0x2 
 .text.__libc_init_array
                0x08003a08       0x48 c:/users/giuse/scoop/apps/gcc-arm-none-eabi/current/bin/../lib/gcc/arm-none-eabi/10.3.1/../../../../arm-none-eabi/lib/thumb/v7e-m/nofp\libg.a(lib_a-init.o)
                0x08003a08                __libc_init_array
 .text.memset   0x08003a50       0xa4 c:/users/giuse/scoop/apps/gcc-arm-none-eabi/current/bin/../lib/gcc/arm-none-eabi/10.3.1/../../../../arm-none-eabi/lib/thumb/v7e-m/nofp\libg.a(lib_a-memset.o)
                0x08003a50                memset
 .text.startup.register_fini
                0x08003af4       0x14 c:/users/giuse/scoop/apps/gcc-arm-none-eabi/current/bin/../lib/gcc/arm-none-eabi/10.3.1/../../../../arm-none-eabi/lib/thumb/v7e-m/nofp\libg.a(lib_a-__call_atexit.o)
 .text.atexit   0x08003b08        0xc c:/users/giuse/scoop/apps/gcc-arm-none-eabi/current/bin/../lib/gcc/arm-none-eabi/10.3.1/../../../../arm-none-eabi/lib/thumb/v7e-m/nofp\libg.a(lib_a-atexit.o)
                0x08003b08                atexit
 .text.__libc_fini_array
                0x08003b14       0x2c c:/users/giuse/scoop/apps/gcc-arm-none-eabi/current/bin/../lib/gcc/arm-none-eabi/10.3.1/../../../../arm-none-eabi/lib/thumb/v7e-m/nofp\libg.a(lib_a-fini.o)
                0x08003b14                __libc_fini_array
 .text.__retarget_lock_acquire_recursive
                0x08003b40        0x4 c:/users/giuse/scoop/apps/gcc-arm-none-eabi/current/bin/../lib/gcc/arm-none-eabi/10.3.1/../../../../arm-none-eabi/lib/thumb/v7e-m/nofp\libg.a(lib_a-lock.o)
                0x08003b40                __retarget_lock_acquire_recursive
 .text.__retarget_lock_release_recursive
                0x08003b44        0x4 c:/users/giuse/scoop/apps/gcc-arm-none-eabi/current/bin/../lib/gcc/arm-none-eabi/10.3.1/../../../../arm-none-eabi/lib/thumb/v7e-m/nofp\libg.a(lib_a-lock.o)
                0x08003b44                __retarget_lock_release_recursive
 .text.__register_exitproc
                0x08003b48       0x8c c:/users/giuse/scoop/apps/gcc-arm-none-eabi/current/bin/../lib/gcc/arm-none-eabi/10.3.1/../../../../arm-none-eabi/lib/thumb/v7e-m/nofp\libg.a(lib_a-__atexit.o)
                0x08003b48                __register_exitproc
 *(.glue_7)
 .glue_7        0x08003bd4        0x0 linker stubs
 *(.glue_7t)
 .glue_7t       0x08003bd4        0x0 linker stubs
 *(.eh_frame)
 .eh_frame      0x08003bd4        0x0 c:/users/giuse/scoop/apps/gcc-arm-none-eabi/current/bin/../lib/gcc/arm-none-eabi/10.3.1/thumb/v7e-m/nofp/crtbegin.o
 *(.init)
 .init          0x08003bd4        0x4 c:/users/giuse/scoop/apps/gcc-arm-none-eabi/current/bin/../lib/gcc/arm-none-eabi/10.3.1/thumb/v7e-m/nofp/crti.o
                0x08003bd4                _init
 .init          0x08003bd8        0x8 c:/users/giuse/scoop/apps/gcc-arm-none-eabi/current/bin/../lib/gcc/arm-none-eabi/10.3.1/thumb/v7e-m/nofp/crtn.o
 *(.fini)
 .fini          0x08003be0        0x4 c:/users/giuse/scoop/apps/gcc-arm-none-eabi/current/bin/../lib/gcc/arm-none-eabi/10.3.1/thumb/v7e-m/nofp/crti.o
                0x08003be0                _fini
 .fini          0x08003be4        0x8 c:/users/giuse/scoop/apps/gcc-arm-none-eabi/current/bin/../lib/gcc/arm-none-eabi/10.3.1/thumb/v7e-m/nofp/crtn.o
                0x08003bec                . = ALIGN (0x4)
                0x08003bec                _etext = .

.vfp11_veneer   0x08003bec        0x0
 .vfp11_veneer  0x08003bec        0x0 linker stubs

.v4_bx          0x08003bec        0x0
 .v4_bx         0x08003bec        0x0 linker stubs

.iplt           0x08003bec        0x0
 .iplt          0x08003bec        0x0 c:/users/giuse/scoop/apps/gcc-arm-none-eabi/current/bin/../lib/gcc/arm-none-eabi/10.3.1/thumb/v7e-m/nofp/crtbegin.o

.rodata         0x08003bec       0x24
                0x08003bec                . = ALIGN (0x4)
 *(.rodata)
 *(.rodata*)
 .rodata.flagBitshiftOffset.0
                0x08003bec        0x8 CMakeFiles/ITB_Nucleo_configuration.elf.dir/Drivers/STM32F7xx_HAL_Driver/Src/stm32f7xx_hal_dma.c.obj
 .rodata.AHBPrescTable
                0x08003bf4       0x10 CMakeFiles/ITB_Nucleo_configuration.elf.dir/Src/system_stm32f7xx.c.obj
                0x08003bf4                AHBPrescTable
 .rodata.APBPrescTable
                0x08003c04        0x8 CMakeFiles/ITB_Nucleo_configuration.elf.dir/Src/system_stm32f7xx.c.obj
                0x08003c04                APBPrescTable
 .rodata._global_impure_ptr
                0x08003c0c        0x4 c:/users/giuse/scoop/apps/gcc-arm-none-eabi/current/bin/../lib/gcc/arm-none-eabi/10.3.1/../../../../arm-none-eabi/lib/thumb/v7e-m/nofp\libg.a(lib_a-impure.o)
                0x08003c0c                _global_impure_ptr
                0x08003c10                . = ALIGN (0x4)

.ARM.extab      0x08003c10        0x0
                0x08003c10                . = ALIGN (0x4)
 *(.ARM.extab* .gnu.linkonce.armextab.*)
                0x08003c10                . = ALIGN (0x4)

.ARM            0x08003c10        0x8
                0x08003c10                . = ALIGN (0x4)
                0x08003c10                __exidx_start = .
 *(.ARM.exidx*)
 .ARM.exidx     0x08003c10        0x8 c:/users/giuse/scoop/apps/gcc-arm-none-eabi/current/bin/../lib/gcc/arm-none-eabi/10.3.1/thumb/v7e-m/nofp\libgcc.a(_udivmoddi4.o)
                0x08003c18                __exidx_end = .
                0x08003c18                . = ALIGN (0x4)

.rel.dyn        0x08003c18        0x0
 .rel.iplt      0x08003c18        0x0 c:/users/giuse/scoop/apps/gcc-arm-none-eabi/current/bin/../lib/gcc/arm-none-eabi/10.3.1/thumb/v7e-m/nofp/crtbegin.o

.preinit_array  0x08003c18        0x0
                0x08003c18                . = ALIGN (0x4)
                0x08003c18                PROVIDE (__preinit_array_start = .)
 *(.preinit_array*)
                0x08003c18                PROVIDE (__preinit_array_end = .)
                0x08003c18                . = ALIGN (0x4)

.init_array     0x08003c18        0x8
                0x08003c18                . = ALIGN (0x4)
                0x08003c18                PROVIDE (__init_array_start = .)
 *(SORT_BY_NAME(.init_array.*))
 .init_array.00000
                0x08003c18        0x4 c:/users/giuse/scoop/apps/gcc-arm-none-eabi/current/bin/../lib/gcc/arm-none-eabi/10.3.1/../../../../arm-none-eabi/lib/thumb/v7e-m/nofp\libg.a(lib_a-__call_atexit.o)
 *(.init_array*)
 .init_array    0x08003c1c        0x4 c:/users/giuse/scoop/apps/gcc-arm-none-eabi/current/bin/../lib/gcc/arm-none-eabi/10.3.1/thumb/v7e-m/nofp/crtbegin.o
                0x08003c20                PROVIDE (__init_array_end = .)
                0x08003c20                . = ALIGN (0x4)

.fini_array     0x08003c20        0x4
                0x08003c20                . = ALIGN (0x4)
                0x08003c20                PROVIDE (__fini_array_start = .)
 *(SORT_BY_NAME(.fini_array.*))
 *(.fini_array*)
 .fini_array    0x08003c20        0x4 c:/users/giuse/scoop/apps/gcc-arm-none-eabi/current/bin/../lib/gcc/arm-none-eabi/10.3.1/thumb/v7e-m/nofp/crtbegin.o
                0x08003c24                PROVIDE (__fini_array_end = .)
                0x08003c24                . = ALIGN (0x4)
                0x08003c24                _sidata = LOADADDR (.data)

.data           0x20000000      0x43c load address 0x08003c24
                0x20000000                . = ALIGN (0x4)
                0x20000000                _sdata = .
 *(.data)
 *(.data*)
 .data.uwTickFreq
                0x20000000        0x1 CMakeFiles/ITB_Nucleo_configuration.elf.dir/Drivers/STM32F7xx_HAL_Driver/Src/stm32f7xx_hal.c.obj
                0x20000000                uwTickFreq
 *fill*         0x20000001        0x3 
 .data.uwTickPrio
                0x20000004        0x4 CMakeFiles/ITB_Nucleo_configuration.elf.dir/Drivers/STM32F7xx_HAL_Driver/Src/stm32f7xx_hal.c.obj
                0x20000004                uwTickPrio
 .data.SystemCoreClock
                0x20000008        0x4 CMakeFiles/ITB_Nucleo_configuration.elf.dir/Src/system_stm32f7xx.c.obj
                0x20000008                SystemCoreClock
 *fill*         0x2000000c        0x4 
 .data.impure_data
                0x20000010      0x428 c:/users/giuse/scoop/apps/gcc-arm-none-eabi/current/bin/../lib/gcc/arm-none-eabi/10.3.1/../../../../arm-none-eabi/lib/thumb/v7e-m/nofp\libg.a(lib_a-impure.o)
 .data.__atexit_recursive_mutex
                0x20000438        0x4 c:/users/giuse/scoop/apps/gcc-arm-none-eabi/current/bin/../lib/gcc/arm-none-eabi/10.3.1/../../../../arm-none-eabi/lib/thumb/v7e-m/nofp\libg.a(lib_a-__call_atexit.o)
                0x20000438                __atexit_recursive_mutex
                0x2000043c                . = ALIGN (0x4)
                0x2000043c                _edata = .

.igot.plt       0x2000043c        0x0 load address 0x08004060
 .igot.plt      0x2000043c        0x0 c:/users/giuse/scoop/apps/gcc-arm-none-eabi/current/bin/../lib/gcc/arm-none-eabi/10.3.1/thumb/v7e-m/nofp/crtbegin.o
                0x2000043c                . = ALIGN (0x4)

.bss            0x2000043c      0x33c load address 0x08004060
                0x2000043c                _sbss = .
                0x2000043c                __bss_start__ = _sbss
 *(.bss)
 .bss           0x2000043c       0x1c c:/users/giuse/scoop/apps/gcc-arm-none-eabi/current/bin/../lib/gcc/arm-none-eabi/10.3.1/thumb/v7e-m/nofp/crtbegin.o
 *(.bss*)
 .bss.uwTick    0x20000458        0x4 CMakeFiles/ITB_Nucleo_configuration.elf.dir/Drivers/STM32F7xx_HAL_Driver/Src/stm32f7xx_hal.c.obj
                0x20000458                uwTick
 .bss.hadc1     0x2000045c       0x48 CMakeFiles/ITB_Nucleo_configuration.elf.dir/Src/adc.c.obj
                0x2000045c                hadc1
 .bss.hcan1     0x200004a4       0x28 CMakeFiles/ITB_Nucleo_configuration.elf.dir/Src/can.c.obj
                0x200004a4                hcan1
 .bss.hspi1     0x200004cc       0x64 CMakeFiles/ITB_Nucleo_configuration.elf.dir/Src/spi.c.obj
                0x200004cc                hspi1
 .bss.hspi2     0x20000530       0x64 CMakeFiles/ITB_Nucleo_configuration.elf.dir/Src/spi.c.obj
                0x20000530                hspi2
 .bss.hspi3     0x20000594       0x64 CMakeFiles/ITB_Nucleo_configuration.elf.dir/Src/spi.c.obj
                0x20000594                hspi3
 .bss.htim6     0x200005f8       0x4c CMakeFiles/ITB_Nucleo_configuration.elf.dir/Src/tim.c.obj
                0x200005f8                htim6
 .bss.htim7     0x20000644       0x4c CMakeFiles/ITB_Nucleo_configuration.elf.dir/Src/tim.c.obj
                0x20000644                htim7
 .bss.hdma_usart3_tx
                0x20000690       0x60 CMakeFiles/ITB_Nucleo_configuration.elf.dir/Src/usart.c.obj
                0x20000690                hdma_usart3_tx
 .bss.huart3    0x200006f0       0x84 CMakeFiles/ITB_Nucleo_configuration.elf.dir/Src/usart.c.obj
                0x200006f0                huart3
 .bss.__lock___atexit_recursive_mutex
                0x20000774        0x1 c:/users/giuse/scoop/apps/gcc-arm-none-eabi/current/bin/../lib/gcc/arm-none-eabi/10.3.1/../../../../arm-none-eabi/lib/thumb/v7e-m/nofp\libg.a(lib_a-lock.o)
                0x20000774                __lock___atexit_recursive_mutex
 *(COMMON)
                0x20000778                . = ALIGN (0x4)
 *fill*         0x20000775        0x3 
                0x20000778                _ebss = .
                0x20000778                __bss_end__ = _ebss

._user_heap_stack
                0x20000778     0x1800 load address 0x08004060
                0x20000778                . = ALIGN (0x8)
                [!provide]                PROVIDE (end = .)
                0x20000778                PROVIDE (_end = .)
                0x20000d78                . = (. + _Min_Heap_Size)
 *fill*         0x20000778      0x600 
                0x20001f78                . = (. + _Min_Stack_Size)
 *fill*         0x20000d78     0x1200 
                0x20001f78                . = ALIGN (0x8)

/DISCARD/
 libc.a(*)
 libm.a(*)
 libgcc.a(*)

.ARM.attributes
                0x00000000       0x2a
 *(.ARM.attributes)
 .ARM.attributes
                0x00000000       0x1e c:/users/giuse/scoop/apps/gcc-arm-none-eabi/current/bin/../lib/gcc/arm-none-eabi/10.3.1/thumb/v7e-m/nofp/crti.o
 .ARM.attributes
                0x0000001e       0x2e c:/users/giuse/scoop/apps/gcc-arm-none-eabi/current/bin/../lib/gcc/arm-none-eabi/10.3.1/thumb/v7e-m/nofp/crtbegin.o
 .ARM.attributes
                0x0000004c       0x2e CMakeFiles/ITB_Nucleo_configuration.elf.dir/Drivers/STM32F7xx_HAL_Driver/Src/stm32f7xx_hal.c.obj
 .ARM.attributes
                0x0000007a       0x2e CMakeFiles/ITB_Nucleo_configuration.elf.dir/Drivers/STM32F7xx_HAL_Driver/Src/stm32f7xx_hal_adc.c.obj
 .ARM.attributes
                0x000000a8       0x2e CMakeFiles/ITB_Nucleo_configuration.elf.dir/Drivers/STM32F7xx_HAL_Driver/Src/stm32f7xx_hal_can.c.obj
 .ARM.attributes
                0x000000d6       0x2e CMakeFiles/ITB_Nucleo_configuration.elf.dir/Drivers/STM32F7xx_HAL_Driver/Src/stm32f7xx_hal_cortex.c.obj
 .ARM.attributes
                0x00000104       0x2e CMakeFiles/ITB_Nucleo_configuration.elf.dir/Drivers/STM32F7xx_HAL_Driver/Src/stm32f7xx_hal_dma.c.obj
 .ARM.attributes
                0x00000132       0x2e CMakeFiles/ITB_Nucleo_configuration.elf.dir/Drivers/STM32F7xx_HAL_Driver/Src/stm32f7xx_hal_gpio.c.obj
 .ARM.attributes
                0x00000160       0x2e CMakeFiles/ITB_Nucleo_configuration.elf.dir/Drivers/STM32F7xx_HAL_Driver/Src/stm32f7xx_hal_pwr_ex.c.obj
 .ARM.attributes
                0x0000018e       0x2e CMakeFiles/ITB_Nucleo_configuration.elf.dir/Drivers/STM32F7xx_HAL_Driver/Src/stm32f7xx_hal_rcc.c.obj
 .ARM.attributes
                0x000001bc       0x2e CMakeFiles/ITB_Nucleo_configuration.elf.dir/Drivers/STM32F7xx_HAL_Driver/Src/stm32f7xx_hal_rcc_ex.c.obj
 .ARM.attributes
                0x000001ea       0x2e CMakeFiles/ITB_Nucleo_configuration.elf.dir/Drivers/STM32F7xx_HAL_Driver/Src/stm32f7xx_hal_spi.c.obj
 .ARM.attributes
                0x00000218       0x2e CMakeFiles/ITB_Nucleo_configuration.elf.dir/Drivers/STM32F7xx_HAL_Driver/Src/stm32f7xx_hal_tim.c.obj
 .ARM.attributes
                0x00000246       0x2e CMakeFiles/ITB_Nucleo_configuration.elf.dir/Drivers/STM32F7xx_HAL_Driver/Src/stm32f7xx_hal_tim_ex.c.obj
 .ARM.attributes
                0x00000274       0x2e CMakeFiles/ITB_Nucleo_configuration.elf.dir/Drivers/STM32F7xx_HAL_Driver/Src/stm32f7xx_hal_uart.c.obj
 .ARM.attributes
                0x000002a2       0x2e CMakeFiles/ITB_Nucleo_configuration.elf.dir/Src/adc.c.obj
 .ARM.attributes
                0x000002d0       0x2e CMakeFiles/ITB_Nucleo_configuration.elf.dir/Src/can.c.obj
 .ARM.attributes
                0x000002fe       0x2e CMakeFiles/ITB_Nucleo_configuration.elf.dir/Src/dma.c.obj
 .ARM.attributes
                0x0000032c       0x2e CMakeFiles/ITB_Nucleo_configuration.elf.dir/Src/gpio.c.obj
 .ARM.attributes
                0x0000035a       0x2e CMakeFiles/ITB_Nucleo_configuration.elf.dir/Src/main.c.obj
 .ARM.attributes
                0x00000388       0x2e CMakeFiles/ITB_Nucleo_configuration.elf.dir/Src/spi.c.obj
 .ARM.attributes
                0x000003b6       0x2e CMakeFiles/ITB_Nucleo_configuration.elf.dir/Src/stm32f7xx_hal_msp.c.obj
 .ARM.attributes
                0x000003e4       0x2e CMakeFiles/ITB_Nucleo_configuration.elf.dir/Src/stm32f7xx_it.c.obj
 .ARM.attributes
                0x00000412       0x2e CMakeFiles/ITB_Nucleo_configuration.elf.dir/Src/system_stm32f7xx.c.obj
 .ARM.attributes
                0x00000440       0x2e CMakeFiles/ITB_Nucleo_configuration.elf.dir/Src/tim.c.obj
 .ARM.attributes
                0x0000046e       0x2e CMakeFiles/ITB_Nucleo_configuration.elf.dir/Src/usart.c.obj
 .ARM.attributes
                0x0000049c       0x21 CMakeFiles/ITB_Nucleo_configuration.elf.dir/Startup/startup_stm32f767zitx.s.obj
 .ARM.attributes
                0x000004bd       0x1e c:/users/giuse/scoop/apps/gcc-arm-none-eabi/current/bin/../lib/gcc/arm-none-eabi/10.3.1/thumb/v7e-m/nofp\libgcc.a(_aeabi_uldivmod.o)
 .ARM.attributes
                0x000004db       0x2e c:/users/giuse/scoop/apps/gcc-arm-none-eabi/current/bin/../lib/gcc/arm-none-eabi/10.3.1/thumb/v7e-m/nofp\libgcc.a(_udivmoddi4.o)
 .ARM.attributes
                0x00000509       0x1e c:/users/giuse/scoop/apps/gcc-arm-none-eabi/current/bin/../lib/gcc/arm-none-eabi/10.3.1/thumb/v7e-m/nofp\libgcc.a(_dvmd_tls.o)
 .ARM.attributes
                0x00000527       0x2e c:/users/giuse/scoop/apps/gcc-arm-none-eabi/current/bin/../lib/gcc/arm-none-eabi/10.3.1/../../../../arm-none-eabi/lib/thumb/v7e-m/nofp\libg.a(lib_a-impure.o)
 .ARM.attributes
                0x00000555       0x2e c:/users/giuse/scoop/apps/gcc-arm-none-eabi/current/bin/../lib/gcc/arm-none-eabi/10.3.1/../../../../arm-none-eabi/lib/thumb/v7e-m/nofp\libg.a(lib_a-init.o)
 .ARM.attributes
                0x00000583       0x2e c:/users/giuse/scoop/apps/gcc-arm-none-eabi/current/bin/../lib/gcc/arm-none-eabi/10.3.1/../../../../arm-none-eabi/lib/thumb/v7e-m/nofp\libg.a(lib_a-memset.o)
 .ARM.attributes
                0x000005b1       0x2e c:/users/giuse/scoop/apps/gcc-arm-none-eabi/current/bin/../lib/gcc/arm-none-eabi/10.3.1/../../../../arm-none-eabi/lib/thumb/v7e-m/nofp\libg.a(lib_a-__call_atexit.o)
 .ARM.attributes
                0x000005df       0x2e c:/users/giuse/scoop/apps/gcc-arm-none-eabi/current/bin/../lib/gcc/arm-none-eabi/10.3.1/../../../../arm-none-eabi/lib/thumb/v7e-m/nofp\libg.a(lib_a-atexit.o)
 .ARM.attributes
                0x0000060d       0x2e c:/users/giuse/scoop/apps/gcc-arm-none-eabi/current/bin/../lib/gcc/arm-none-eabi/10.3.1/../../../../arm-none-eabi/lib/thumb/v7e-m/nofp\libg.a(lib_a-fini.o)
 .ARM.attributes
                0x0000063b       0x2e c:/users/giuse/scoop/apps/gcc-arm-none-eabi/current/bin/../lib/gcc/arm-none-eabi/10.3.1/../../../../arm-none-eabi/lib/thumb/v7e-m/nofp\libg.a(lib_a-lock.o)
 .ARM.attributes
                0x00000669       0x2e c:/users/giuse/scoop/apps/gcc-arm-none-eabi/current/bin/../lib/gcc/arm-none-eabi/10.3.1/../../../../arm-none-eabi/lib/thumb/v7e-m/nofp\libg.a(lib_a-__atexit.o)
 .ARM.attributes
                0x00000697       0x1e c:/users/giuse/scoop/apps/gcc-arm-none-eabi/current/bin/../lib/gcc/arm-none-eabi/10.3.1/thumb/v7e-m/nofp/crtn.o
OUTPUT(ITB_Nucleo_configuration.elf elf32-littlearm)
LOAD linker stubs
LOAD c:/users/giuse/scoop/apps/gcc-arm-none-eabi/current/bin/../lib/gcc/arm-none-eabi/10.3.1/../../../../arm-none-eabi/lib/thumb/v7e-m/nofp\libc.a
LOAD c:/users/giuse/scoop/apps/gcc-arm-none-eabi/current/bin/../lib/gcc/arm-none-eabi/10.3.1/../../../../arm-none-eabi/lib/thumb/v7e-m/nofp\libm.a
LOAD c:/users/giuse/scoop/apps/gcc-arm-none-eabi/current/bin/../lib/gcc/arm-none-eabi/10.3.1/thumb/v7e-m/nofp\libgcc.a

.debug_info     0x00000000    0x1b32e
 .debug_info    0x00000000      0xaf6 CMakeFiles/ITB_Nucleo_configuration.elf.dir/Drivers/STM32F7xx_HAL_Driver/Src/stm32f7xx_hal.c.obj
 .debug_info    0x00000af6      0xe75 CMakeFiles/ITB_Nucleo_configuration.elf.dir/Drivers/STM32F7xx_HAL_Driver/Src/stm32f7xx_hal_adc.c.obj
 .debug_info    0x0000196b     0x1273 CMakeFiles/ITB_Nucleo_configuration.elf.dir/Drivers/STM32F7xx_HAL_Driver/Src/stm32f7xx_hal_can.c.obj
 .debug_info    0x00002bde     0x1319 CMakeFiles/ITB_Nucleo_configuration.elf.dir/Drivers/STM32F7xx_HAL_Driver/Src/stm32f7xx_hal_cortex.c.obj
 .debug_info    0x00003ef7      0xb3f CMakeFiles/ITB_Nucleo_configuration.elf.dir/Drivers/STM32F7xx_HAL_Driver/Src/stm32f7xx_hal_dma.c.obj
 .debug_info    0x00004a36      0x7e8 CMakeFiles/ITB_Nucleo_configuration.elf.dir/Drivers/STM32F7xx_HAL_Driver/Src/stm32f7xx_hal_gpio.c.obj
 .debug_info    0x0000521e      0xa24 CMakeFiles/ITB_Nucleo_configuration.elf.dir/Drivers/STM32F7xx_HAL_Driver/Src/stm32f7xx_hal_pwr_ex.c.obj
 .debug_info    0x00005c42      0xc23 CMakeFiles/ITB_Nucleo_configuration.elf.dir/Drivers/STM32F7xx_HAL_Driver/Src/stm32f7xx_hal_rcc.c.obj
 .debug_info    0x00006865      0x8c0 CMakeFiles/ITB_Nucleo_configuration.elf.dir/Drivers/STM32F7xx_HAL_Driver/Src/stm32f7xx_hal_rcc_ex.c.obj
 .debug_info    0x00007125     0x2219 CMakeFiles/ITB_Nucleo_configuration.elf.dir/Drivers/STM32F7xx_HAL_Driver/Src/stm32f7xx_hal_spi.c.obj
 .debug_info    0x0000933e     0x3f08 CMakeFiles/ITB_Nucleo_configuration.elf.dir/Drivers/STM32F7xx_HAL_Driver/Src/stm32f7xx_hal_tim.c.obj
 .debug_info    0x0000d246     0x1d16 CMakeFiles/ITB_Nucleo_configuration.elf.dir/Drivers/STM32F7xx_HAL_Driver/Src/stm32f7xx_hal_tim_ex.c.obj
 .debug_info    0x0000ef5c     0x514d CMakeFiles/ITB_Nucleo_configuration.elf.dir/Drivers/STM32F7xx_HAL_Driver/Src/stm32f7xx_hal_uart.c.obj
 .debug_info    0x000140a9      0xa8f CMakeFiles/ITB_Nucleo_configuration.elf.dir/Src/adc.c.obj
 .debug_info    0x00014b38      0xc4d CMakeFiles/ITB_Nucleo_configuration.elf.dir/Src/can.c.obj
 .debug_info    0x00015785      0x5c6 CMakeFiles/ITB_Nucleo_configuration.elf.dir/Src/dma.c.obj
 .debug_info    0x00015d4b      0x66f CMakeFiles/ITB_Nucleo_configuration.elf.dir/Src/gpio.c.obj
 .debug_info    0x000163ba      0x8cd CMakeFiles/ITB_Nucleo_configuration.elf.dir/Src/main.c.obj
 .debug_info    0x00016c87     0x1079 CMakeFiles/ITB_Nucleo_configuration.elf.dir/Src/spi.c.obj
 .debug_info    0x00017d00      0x2ce CMakeFiles/ITB_Nucleo_configuration.elf.dir/Src/stm32f7xx_hal_msp.c.obj
 .debug_info    0x00017fce     0x12db CMakeFiles/ITB_Nucleo_configuration.elf.dir/Src/stm32f7xx_it.c.obj
 .debug_info    0x000192a9      0x3a7 CMakeFiles/ITB_Nucleo_configuration.elf.dir/Src/system_stm32f7xx.c.obj
 .debug_info    0x00019650      0xe4b CMakeFiles/ITB_Nucleo_configuration.elf.dir/Src/tim.c.obj
 .debug_info    0x0001a49b      0xe71 CMakeFiles/ITB_Nucleo_configuration.elf.dir/Src/usart.c.obj
 .debug_info    0x0001b30c       0x22 CMakeFiles/ITB_Nucleo_configuration.elf.dir/Startup/startup_stm32f767zitx.s.obj

.debug_abbrev   0x00000000     0x3032
 .debug_abbrev  0x00000000      0x206 CMakeFiles/ITB_Nucleo_configuration.elf.dir/Drivers/STM32F7xx_HAL_Driver/Src/stm32f7xx_hal.c.obj
 .debug_abbrev  0x00000206      0x229 CMakeFiles/ITB_Nucleo_configuration.elf.dir/Drivers/STM32F7xx_HAL_Driver/Src/stm32f7xx_hal_adc.c.obj
 .debug_abbrev  0x0000042f      0x276 CMakeFiles/ITB_Nucleo_configuration.elf.dir/Drivers/STM32F7xx_HAL_Driver/Src/stm32f7xx_hal_can.c.obj
 .debug_abbrev  0x000006a5      0x36a CMakeFiles/ITB_Nucleo_configuration.elf.dir/Drivers/STM32F7xx_HAL_Driver/Src/stm32f7xx_hal_cortex.c.obj
 .debug_abbrev  0x00000a0f      0x2c2 CMakeFiles/ITB_Nucleo_configuration.elf.dir/Drivers/STM32F7xx_HAL_Driver/Src/stm32f7xx_hal_dma.c.obj
 .debug_abbrev  0x00000cd1      0x1ef CMakeFiles/ITB_Nucleo_configuration.elf.dir/Drivers/STM32F7xx_HAL_Driver/Src/stm32f7xx_hal_gpio.c.obj
 .debug_abbrev  0x00000ec0      0x1c6 CMakeFiles/ITB_Nucleo_configuration.elf.dir/Drivers/STM32F7xx_HAL_Driver/Src/stm32f7xx_hal_pwr_ex.c.obj
 .debug_abbrev  0x00001086      0x2b2 CMakeFiles/ITB_Nucleo_configuration.elf.dir/Drivers/STM32F7xx_HAL_Driver/Src/stm32f7xx_hal_rcc.c.obj
 .debug_abbrev  0x00001338      0x1d3 CMakeFiles/ITB_Nucleo_configuration.elf.dir/Drivers/STM32F7xx_HAL_Driver/Src/stm32f7xx_hal_rcc_ex.c.obj
 .debug_abbrev  0x0000150b      0x24e CMakeFiles/ITB_Nucleo_configuration.elf.dir/Drivers/STM32F7xx_HAL_Driver/Src/stm32f7xx_hal_spi.c.obj
 .debug_abbrev  0x00001759      0x22b CMakeFiles/ITB_Nucleo_configuration.elf.dir/Drivers/STM32F7xx_HAL_Driver/Src/stm32f7xx_hal_tim.c.obj
 .debug_abbrev  0x00001984      0x241 CMakeFiles/ITB_Nucleo_configuration.elf.dir/Drivers/STM32F7xx_HAL_Driver/Src/stm32f7xx_hal_tim_ex.c.obj
 .debug_abbrev  0x00001bc5      0x2de CMakeFiles/ITB_Nucleo_configuration.elf.dir/Drivers/STM32F7xx_HAL_Driver/Src/stm32f7xx_hal_uart.c.obj
 .debug_abbrev  0x00001ea3      0x1d3 CMakeFiles/ITB_Nucleo_configuration.elf.dir/Src/adc.c.obj
 .debug_abbrev  0x00002076      0x1f6 CMakeFiles/ITB_Nucleo_configuration.elf.dir/Src/can.c.obj
 .debug_abbrev  0x0000226c      0x126 CMakeFiles/ITB_Nucleo_configuration.elf.dir/Src/dma.c.obj
 .debug_abbrev  0x00002392      0x14e CMakeFiles/ITB_Nucleo_configuration.elf.dir/Src/gpio.c.obj
 .debug_abbrev  0x000024e0      0x1b5 CMakeFiles/ITB_Nucleo_configuration.elf.dir/Src/main.c.obj
 .debug_abbrev  0x00002695      0x1dc CMakeFiles/ITB_Nucleo_configuration.elf.dir/Src/spi.c.obj
 .debug_abbrev  0x00002871       0xd1 CMakeFiles/ITB_Nucleo_configuration.elf.dir/Src/stm32f7xx_hal_msp.c.obj
 .debug_abbrev  0x00002942      0x1f1 CMakeFiles/ITB_Nucleo_configuration.elf.dir/Src/stm32f7xx_it.c.obj
 .debug_abbrev  0x00002b33      0x119 CMakeFiles/ITB_Nucleo_configuration.elf.dir/Src/system_stm32f7xx.c.obj
 .debug_abbrev  0x00002c4c      0x1de CMakeFiles/ITB_Nucleo_configuration.elf.dir/Src/tim.c.obj
 .debug_abbrev  0x00002e2a      0x1f6 CMakeFiles/ITB_Nucleo_configuration.elf.dir/Src/usart.c.obj
 .debug_abbrev  0x00003020       0x12 CMakeFiles/ITB_Nucleo_configuration.elf.dir/Startup/startup_stm32f767zitx.s.obj

.debug_loc      0x00000000    0x12b2e
 .debug_loc     0x00000000      0x141 CMakeFiles/ITB_Nucleo_configuration.elf.dir/Drivers/STM32F7xx_HAL_Driver/Src/stm32f7xx_hal.c.obj
 .debug_loc     0x00000141      0xa41 CMakeFiles/ITB_Nucleo_configuration.elf.dir/Drivers/STM32F7xx_HAL_Driver/Src/stm32f7xx_hal_adc.c.obj
 .debug_loc     0x00000b82      0xdfd CMakeFiles/ITB_Nucleo_configuration.elf.dir/Drivers/STM32F7xx_HAL_Driver/Src/stm32f7xx_hal_can.c.obj
 .debug_loc     0x0000197f      0x734 CMakeFiles/ITB_Nucleo_configuration.elf.dir/Drivers/STM32F7xx_HAL_Driver/Src/stm32f7xx_hal_cortex.c.obj
 .debug_loc     0x000020b3      0xbf9 CMakeFiles/ITB_Nucleo_configuration.elf.dir/Drivers/STM32F7xx_HAL_Driver/Src/stm32f7xx_hal_dma.c.obj
 .debug_loc     0x00002cac      0x520 CMakeFiles/ITB_Nucleo_configuration.elf.dir/Drivers/STM32F7xx_HAL_Driver/Src/stm32f7xx_hal_gpio.c.obj
 .debug_loc     0x000031cc      0x299 CMakeFiles/ITB_Nucleo_configuration.elf.dir/Drivers/STM32F7xx_HAL_Driver/Src/stm32f7xx_hal_pwr_ex.c.obj
 .debug_loc     0x00003465      0x695 CMakeFiles/ITB_Nucleo_configuration.elf.dir/Drivers/STM32F7xx_HAL_Driver/Src/stm32f7xx_hal_rcc.c.obj
 .debug_loc     0x00003afa      0x890 CMakeFiles/ITB_Nucleo_configuration.elf.dir/Drivers/STM32F7xx_HAL_Driver/Src/stm32f7xx_hal_rcc_ex.c.obj
 .debug_loc     0x0000438a     0x2039 CMakeFiles/ITB_Nucleo_configuration.elf.dir/Drivers/STM32F7xx_HAL_Driver/Src/stm32f7xx_hal_spi.c.obj
 .debug_loc     0x000063c3     0x548c CMakeFiles/ITB_Nucleo_configuration.elf.dir/Drivers/STM32F7xx_HAL_Driver/Src/stm32f7xx_hal_tim.c.obj
 .debug_loc     0x0000b84f     0x2302 CMakeFiles/ITB_Nucleo_configuration.elf.dir/Drivers/STM32F7xx_HAL_Driver/Src/stm32f7xx_hal_tim_ex.c.obj
 .debug_loc     0x0000db51     0x4b56 CMakeFiles/ITB_Nucleo_configuration.elf.dir/Drivers/STM32F7xx_HAL_Driver/Src/stm32f7xx_hal_uart.c.obj
 .debug_loc     0x000126a7       0x84 CMakeFiles/ITB_Nucleo_configuration.elf.dir/Src/adc.c.obj
 .debug_loc     0x0001272b       0x84 CMakeFiles/ITB_Nucleo_configuration.elf.dir/Src/can.c.obj
 .debug_loc     0x000127af       0xf8 CMakeFiles/ITB_Nucleo_configuration.elf.dir/Src/spi.c.obj
 .debug_loc     0x000128a7      0x158 CMakeFiles/ITB_Nucleo_configuration.elf.dir/Src/system_stm32f7xx.c.obj
 .debug_loc     0x000129ff       0xbe CMakeFiles/ITB_Nucleo_configuration.elf.dir/Src/tim.c.obj
 .debug_loc     0x00012abd       0x71 CMakeFiles/ITB_Nucleo_configuration.elf.dir/Src/usart.c.obj

.debug_aranges  0x00000000     0x1200
 .debug_aranges
                0x00000000      0x110 CMakeFiles/ITB_Nucleo_configuration.elf.dir/Drivers/STM32F7xx_HAL_Driver/Src/stm32f7xx_hal.c.obj
 .debug_aranges
                0x00000110       0xe8 CMakeFiles/ITB_Nucleo_configuration.elf.dir/Drivers/STM32F7xx_HAL_Driver/Src/stm32f7xx_hal_adc.c.obj
 .debug_aranges
                0x000001f8      0x138 CMakeFiles/ITB_Nucleo_configuration.elf.dir/Drivers/STM32F7xx_HAL_Driver/Src/stm32f7xx_hal_can.c.obj
 .debug_aranges
                0x00000330       0xa8 CMakeFiles/ITB_Nucleo_configuration.elf.dir/Drivers/STM32F7xx_HAL_Driver/Src/stm32f7xx_hal_cortex.c.obj
 .debug_aranges
                0x000003d8       0x90 CMakeFiles/ITB_Nucleo_configuration.elf.dir/Drivers/STM32F7xx_HAL_Driver/Src/stm32f7xx_hal_dma.c.obj
 .debug_aranges
                0x00000468       0x58 CMakeFiles/ITB_Nucleo_configuration.elf.dir/Drivers/STM32F7xx_HAL_Driver/Src/stm32f7xx_hal_gpio.c.obj
 .debug_aranges
                0x000004c0       0x80 CMakeFiles/ITB_Nucleo_configuration.elf.dir/Drivers/STM32F7xx_HAL_Driver/Src/stm32f7xx_hal_pwr_ex.c.obj
 .debug_aranges
                0x00000540       0x88 CMakeFiles/ITB_Nucleo_configuration.elf.dir/Drivers/STM32F7xx_HAL_Driver/Src/stm32f7xx_hal_rcc.c.obj
 .debug_aranges
                0x000005c8       0x50 CMakeFiles/ITB_Nucleo_configuration.elf.dir/Drivers/STM32F7xx_HAL_Driver/Src/stm32f7xx_hal_rcc_ex.c.obj
 .debug_aranges
                0x00000618      0x1d8 CMakeFiles/ITB_Nucleo_configuration.elf.dir/Drivers/STM32F7xx_HAL_Driver/Src/stm32f7xx_hal_spi.c.obj
 .debug_aranges
                0x000007f0      0x3e0 CMakeFiles/ITB_Nucleo_configuration.elf.dir/Drivers/STM32F7xx_HAL_Driver/Src/stm32f7xx_hal_tim.c.obj
 .debug_aranges
                0x00000bd0      0x180 CMakeFiles/ITB_Nucleo_configuration.elf.dir/Drivers/STM32F7xx_HAL_Driver/Src/stm32f7xx_hal_tim_ex.c.obj
 .debug_aranges
                0x00000d50      0x230 CMakeFiles/ITB_Nucleo_configuration.elf.dir/Drivers/STM32F7xx_HAL_Driver/Src/stm32f7xx_hal_uart.c.obj
 .debug_aranges
                0x00000f80       0x30 CMakeFiles/ITB_Nucleo_configuration.elf.dir/Src/adc.c.obj
 .debug_aranges
                0x00000fb0       0x30 CMakeFiles/ITB_Nucleo_configuration.elf.dir/Src/can.c.obj
 .debug_aranges
                0x00000fe0       0x20 CMakeFiles/ITB_Nucleo_configuration.elf.dir/Src/dma.c.obj
 .debug_aranges
                0x00001000       0x20 CMakeFiles/ITB_Nucleo_configuration.elf.dir/Src/gpio.c.obj
 .debug_aranges
                0x00001020       0x30 CMakeFiles/ITB_Nucleo_configuration.elf.dir/Src/main.c.obj
 .debug_aranges
                0x00001050       0x40 CMakeFiles/ITB_Nucleo_configuration.elf.dir/Src/spi.c.obj
 .debug_aranges
                0x00001090       0x20 CMakeFiles/ITB_Nucleo_configuration.elf.dir/Src/stm32f7xx_hal_msp.c.obj
 .debug_aranges
                0x000010b0       0x98 CMakeFiles/ITB_Nucleo_configuration.elf.dir/Src/stm32f7xx_it.c.obj
 .debug_aranges
                0x00001148       0x28 CMakeFiles/ITB_Nucleo_configuration.elf.dir/Src/system_stm32f7xx.c.obj
 .debug_aranges
                0x00001170       0x38 CMakeFiles/ITB_Nucleo_configuration.elf.dir/Src/tim.c.obj
 .debug_aranges
                0x000011a8       0x30 CMakeFiles/ITB_Nucleo_configuration.elf.dir/Src/usart.c.obj
 .debug_aranges
                0x000011d8       0x28 CMakeFiles/ITB_Nucleo_configuration.elf.dir/Startup/startup_stm32f767zitx.s.obj

.debug_ranges   0x00000000     0x10f0
 .debug_ranges  0x00000000      0x100 CMakeFiles/ITB_Nucleo_configuration.elf.dir/Drivers/STM32F7xx_HAL_Driver/Src/stm32f7xx_hal.c.obj
 .debug_ranges  0x00000100       0xd8 CMakeFiles/ITB_Nucleo_configuration.elf.dir/Drivers/STM32F7xx_HAL_Driver/Src/stm32f7xx_hal_adc.c.obj
 .debug_ranges  0x000001d8      0x128 CMakeFiles/ITB_Nucleo_configuration.elf.dir/Drivers/STM32F7xx_HAL_Driver/Src/stm32f7xx_hal_can.c.obj
 .debug_ranges  0x00000300       0xf8 CMakeFiles/ITB_Nucleo_configuration.elf.dir/Drivers/STM32F7xx_HAL_Driver/Src/stm32f7xx_hal_cortex.c.obj
 .debug_ranges  0x000003f8       0x80 CMakeFiles/ITB_Nucleo_configuration.elf.dir/Drivers/STM32F7xx_HAL_Driver/Src/stm32f7xx_hal_dma.c.obj
 .debug_ranges  0x00000478       0x48 CMakeFiles/ITB_Nucleo_configuration.elf.dir/Drivers/STM32F7xx_HAL_Driver/Src/stm32f7xx_hal_gpio.c.obj
 .debug_ranges  0x000004c0       0x70 CMakeFiles/ITB_Nucleo_configuration.elf.dir/Drivers/STM32F7xx_HAL_Driver/Src/stm32f7xx_hal_pwr_ex.c.obj
 .debug_ranges  0x00000530       0x78 CMakeFiles/ITB_Nucleo_configuration.elf.dir/Drivers/STM32F7xx_HAL_Driver/Src/stm32f7xx_hal_rcc.c.obj
 .debug_ranges  0x000005a8       0x40 CMakeFiles/ITB_Nucleo_configuration.elf.dir/Drivers/STM32F7xx_HAL_Driver/Src/stm32f7xx_hal_rcc_ex.c.obj
 .debug_ranges  0x000005e8      0x1c8 CMakeFiles/ITB_Nucleo_configuration.elf.dir/Drivers/STM32F7xx_HAL_Driver/Src/stm32f7xx_hal_spi.c.obj
 .debug_ranges  0x000007b0      0x3d0 CMakeFiles/ITB_Nucleo_configuration.elf.dir/Drivers/STM32F7xx_HAL_Driver/Src/stm32f7xx_hal_tim.c.obj
 .debug_ranges  0x00000b80      0x170 CMakeFiles/ITB_Nucleo_configuration.elf.dir/Drivers/STM32F7xx_HAL_Driver/Src/stm32f7xx_hal_tim_ex.c.obj
 .debug_ranges  0x00000cf0      0x238 CMakeFiles/ITB_Nucleo_configuration.elf.dir/Drivers/STM32F7xx_HAL_Driver/Src/stm32f7xx_hal_uart.c.obj
 .debug_ranges  0x00000f28       0x20 CMakeFiles/ITB_Nucleo_configuration.elf.dir/Src/adc.c.obj
 .debug_ranges  0x00000f48       0x20 CMakeFiles/ITB_Nucleo_configuration.elf.dir/Src/can.c.obj
 .debug_ranges  0x00000f68       0x10 CMakeFiles/ITB_Nucleo_configuration.elf.dir/Src/dma.c.obj
 .debug_ranges  0x00000f78       0x10 CMakeFiles/ITB_Nucleo_configuration.elf.dir/Src/gpio.c.obj
 .debug_ranges  0x00000f88       0x20 CMakeFiles/ITB_Nucleo_configuration.elf.dir/Src/main.c.obj
 .debug_ranges  0x00000fa8       0x30 CMakeFiles/ITB_Nucleo_configuration.elf.dir/Src/spi.c.obj
 .debug_ranges  0x00000fd8       0x10 CMakeFiles/ITB_Nucleo_configuration.elf.dir/Src/stm32f7xx_hal_msp.c.obj
 .debug_ranges  0x00000fe8       0x88 CMakeFiles/ITB_Nucleo_configuration.elf.dir/Src/stm32f7xx_it.c.obj
 .debug_ranges  0x00001070       0x18 CMakeFiles/ITB_Nucleo_configuration.elf.dir/Src/system_stm32f7xx.c.obj
 .debug_ranges  0x00001088       0x28 CMakeFiles/ITB_Nucleo_configuration.elf.dir/Src/tim.c.obj
 .debug_ranges  0x000010b0       0x20 CMakeFiles/ITB_Nucleo_configuration.elf.dir/Src/usart.c.obj
 .debug_ranges  0x000010d0       0x20 CMakeFiles/ITB_Nucleo_configuration.elf.dir/Startup/startup_stm32f767zitx.s.obj

.debug_line     0x00000000    0x17e76
 .debug_line    0x00000000      0x6b5 CMakeFiles/ITB_Nucleo_configuration.elf.dir/Drivers/STM32F7xx_HAL_Driver/Src/stm32f7xx_hal.c.obj
 .debug_line    0x000006b5     0x1124 CMakeFiles/ITB_Nucleo_configuration.elf.dir/Drivers/STM32F7xx_HAL_Driver/Src/stm32f7xx_hal_adc.c.obj
 .debug_line    0x000017d9     0x11f1 CMakeFiles/ITB_Nucleo_configuration.elf.dir/Drivers/STM32F7xx_HAL_Driver/Src/stm32f7xx_hal_can.c.obj
 .debug_line    0x000029ca      0x86d CMakeFiles/ITB_Nucleo_configuration.elf.dir/Drivers/STM32F7xx_HAL_Driver/Src/stm32f7xx_hal_cortex.c.obj
 .debug_line    0x00003237      0xeeb CMakeFiles/ITB_Nucleo_configuration.elf.dir/Drivers/STM32F7xx_HAL_Driver/Src/stm32f7xx_hal_dma.c.obj
 .debug_line    0x00004122      0x7af CMakeFiles/ITB_Nucleo_configuration.elf.dir/Drivers/STM32F7xx_HAL_Driver/Src/stm32f7xx_hal_gpio.c.obj
 .debug_line    0x000048d1      0x653 CMakeFiles/ITB_Nucleo_configuration.elf.dir/Drivers/STM32F7xx_HAL_Driver/Src/stm32f7xx_hal_pwr_ex.c.obj
 .debug_line    0x00004f24      0xde1 CMakeFiles/ITB_Nucleo_configuration.elf.dir/Drivers/STM32F7xx_HAL_Driver/Src/stm32f7xx_hal_rcc.c.obj
 .debug_line    0x00005d05      0xcd4 CMakeFiles/ITB_Nucleo_configuration.elf.dir/Drivers/STM32F7xx_HAL_Driver/Src/stm32f7xx_hal_rcc_ex.c.obj
 .debug_line    0x000069d9     0x29e9 CMakeFiles/ITB_Nucleo_configuration.elf.dir/Drivers/STM32F7xx_HAL_Driver/Src/stm32f7xx_hal_spi.c.obj
 .debug_line    0x000093c2     0x4f58 CMakeFiles/ITB_Nucleo_configuration.elf.dir/Drivers/STM32F7xx_HAL_Driver/Src/stm32f7xx_hal_tim.c.obj
 .debug_line    0x0000e31a     0x1f24 CMakeFiles/ITB_Nucleo_configuration.elf.dir/Drivers/STM32F7xx_HAL_Driver/Src/stm32f7xx_hal_tim_ex.c.obj
 .debug_line    0x0001023e     0x5245 CMakeFiles/ITB_Nucleo_configuration.elf.dir/Drivers/STM32F7xx_HAL_Driver/Src/stm32f7xx_hal_uart.c.obj
 .debug_line    0x00015483      0x3f8 CMakeFiles/ITB_Nucleo_configuration.elf.dir/Src/adc.c.obj
 .debug_line    0x0001587b      0x3e1 CMakeFiles/ITB_Nucleo_configuration.elf.dir/Src/can.c.obj
 .debug_line    0x00015c5c      0x237 CMakeFiles/ITB_Nucleo_configuration.elf.dir/Src/dma.c.obj
 .debug_line    0x00015e93      0x374 CMakeFiles/ITB_Nucleo_configuration.elf.dir/Src/gpio.c.obj
 .debug_line    0x00016207      0x419 CMakeFiles/ITB_Nucleo_configuration.elf.dir/Src/main.c.obj
 .debug_line    0x00016620      0x64f CMakeFiles/ITB_Nucleo_configuration.elf.dir/Src/spi.c.obj
 .debug_line    0x00016c6f      0x1d2 CMakeFiles/ITB_Nucleo_configuration.elf.dir/Src/stm32f7xx_hal_msp.c.obj
 .debug_line    0x00016e41      0x45c CMakeFiles/ITB_Nucleo_configuration.elf.dir/Src/stm32f7xx_it.c.obj
 .debug_line    0x0001729d      0x29a CMakeFiles/ITB_Nucleo_configuration.elf.dir/Src/system_stm32f7xx.c.obj
 .debug_line    0x00017537      0x443 CMakeFiles/ITB_Nucleo_configuration.elf.dir/Src/tim.c.obj
 .debug_line    0x0001797a      0x43f CMakeFiles/ITB_Nucleo_configuration.elf.dir/Src/usart.c.obj
 .debug_line    0x00017db9       0xbd CMakeFiles/ITB_Nucleo_configuration.elf.dir/Startup/startup_stm32f767zitx.s.obj

.debug_str      0x00000000     0x60ca
 .debug_str     0x00000000      0xd39 CMakeFiles/ITB_Nucleo_configuration.elf.dir/Drivers/STM32F7xx_HAL_Driver/Src/stm32f7xx_hal.c.obj
                                0xd97 (size before relaxing)
 .debug_str     0x00000d39      0x726 CMakeFiles/ITB_Nucleo_configuration.elf.dir/Drivers/STM32F7xx_HAL_Driver/Src/stm32f7xx_hal_adc.c.obj
                                0x9ba (size before relaxing)
 .debug_str     0x0000145f      0x7ba CMakeFiles/ITB_Nucleo_configuration.elf.dir/Drivers/STM32F7xx_HAL_Driver/Src/stm32f7xx_hal_can.c.obj
                                0xab1 (size before relaxing)
 .debug_str     0x00001c19      0x5a9 CMakeFiles/ITB_Nucleo_configuration.elf.dir/Drivers/STM32F7xx_HAL_Driver/Src/stm32f7xx_hal_cortex.c.obj
                                0xeb1 (size before relaxing)
 .debug_str     0x000021c2      0x317 CMakeFiles/ITB_Nucleo_configuration.elf.dir/Drivers/STM32F7xx_HAL_Driver/Src/stm32f7xx_hal_dma.c.obj
                                0x7dc (size before relaxing)
 .debug_str     0x000024d9      0x1dc CMakeFiles/ITB_Nucleo_configuration.elf.dir/Drivers/STM32F7xx_HAL_Driver/Src/stm32f7xx_hal_gpio.c.obj
                                0x563 (size before relaxing)
 .debug_str     0x000026b5      0x248 CMakeFiles/ITB_Nucleo_configuration.elf.dir/Drivers/STM32F7xx_HAL_Driver/Src/stm32f7xx_hal_pwr_ex.c.obj
                                0x6b2 (size before relaxing)
 .debug_str     0x000028fd      0x377 CMakeFiles/ITB_Nucleo_configuration.elf.dir/Drivers/STM32F7xx_HAL_Driver/Src/stm32f7xx_hal_rcc.c.obj
                                0x79d (size before relaxing)
 .debug_str     0x00002c74      0x435 CMakeFiles/ITB_Nucleo_configuration.elf.dir/Drivers/STM32F7xx_HAL_Driver/Src/stm32f7xx_hal_rcc_ex.c.obj
                                0x79f (size before relaxing)
 .debug_str     0x000030a9      0x792 CMakeFiles/ITB_Nucleo_configuration.elf.dir/Drivers/STM32F7xx_HAL_Driver/Src/stm32f7xx_hal_spi.c.obj
                                0xcc2 (size before relaxing)
 .debug_str     0x0000383b     0x123e CMakeFiles/ITB_Nucleo_configuration.elf.dir/Drivers/STM32F7xx_HAL_Driver/Src/stm32f7xx_hal_tim.c.obj
                               0x179e (size before relaxing)
 .debug_str     0x00004a79      0x6ca CMakeFiles/ITB_Nucleo_configuration.elf.dir/Drivers/STM32F7xx_HAL_Driver/Src/stm32f7xx_hal_tim_ex.c.obj
                               0x1099 (size before relaxing)
 .debug_str     0x00005143      0x95f CMakeFiles/ITB_Nucleo_configuration.elf.dir/Drivers/STM32F7xx_HAL_Driver/Src/stm32f7xx_hal_uart.c.obj
                               0x106a (size before relaxing)
 .debug_str     0x00005aa2       0x72 CMakeFiles/ITB_Nucleo_configuration.elf.dir/Src/adc.c.obj
                                0x859 (size before relaxing)
 .debug_str     0x00005b14       0x64 CMakeFiles/ITB_Nucleo_configuration.elf.dir/Src/can.c.obj
                                0xd24 (size before relaxing)
 .debug_str     0x00005b78       0x53 CMakeFiles/ITB_Nucleo_configuration.elf.dir/Src/dma.c.obj
                                0x992 (size before relaxing)
 .debug_str     0x00005bcb       0x55 CMakeFiles/ITB_Nucleo_configuration.elf.dir/Src/gpio.c.obj
                                0x3ea (size before relaxing)
 .debug_str     0x00005c20       0xda CMakeFiles/ITB_Nucleo_configuration.elf.dir/Src/main.c.obj
                                0x854 (size before relaxing)
 .debug_str     0x00005cfa       0x63 CMakeFiles/ITB_Nucleo_configuration.elf.dir/Src/spi.c.obj
                                0xf2f (size before relaxing)
 .debug_str     0x00005d5d       0x55 CMakeFiles/ITB_Nucleo_configuration.elf.dir/Src/stm32f7xx_hal_msp.c.obj
                                0x339 (size before relaxing)
 .debug_str     0x00005db2      0x184 CMakeFiles/ITB_Nucleo_configuration.elf.dir/Src/stm32f7xx_it.c.obj
                                0xf4a (size before relaxing)
 .debug_str     0x00005f36       0x7f CMakeFiles/ITB_Nucleo_configuration.elf.dir/Src/system_stm32f7xx.c.obj
                                0x39f (size before relaxing)
 .debug_str     0x00005fb5       0x56 CMakeFiles/ITB_Nucleo_configuration.elf.dir/Src/tim.c.obj
                               0x1029 (size before relaxing)
 .debug_str     0x0000600b       0x54 CMakeFiles/ITB_Nucleo_configuration.elf.dir/Src/usart.c.obj
                                0xf4c (size before relaxing)
 .debug_str     0x0000605f       0x6b CMakeFiles/ITB_Nucleo_configuration.elf.dir/Startup/startup_stm32f767zitx.s.obj
                                 0xba (size before relaxing)

.comment        0x00000000       0x49
 .comment       0x00000000       0x49 CMakeFiles/ITB_Nucleo_configuration.elf.dir/Drivers/STM32F7xx_HAL_Driver/Src/stm32f7xx_hal.c.obj
                                 0x4a (size before relaxing)
 .comment       0x00000049       0x4a CMakeFiles/ITB_Nucleo_configuration.elf.dir/Drivers/STM32F7xx_HAL_Driver/Src/stm32f7xx_hal_adc.c.obj
 .comment       0x00000049       0x4a CMakeFiles/ITB_Nucleo_configuration.elf.dir/Drivers/STM32F7xx_HAL_Driver/Src/stm32f7xx_hal_can.c.obj
 .comment       0x00000049       0x4a CMakeFiles/ITB_Nucleo_configuration.elf.dir/Drivers/STM32F7xx_HAL_Driver/Src/stm32f7xx_hal_cortex.c.obj
 .comment       0x00000049       0x4a CMakeFiles/ITB_Nucleo_configuration.elf.dir/Drivers/STM32F7xx_HAL_Driver/Src/stm32f7xx_hal_dma.c.obj
 .comment       0x00000049       0x4a CMakeFiles/ITB_Nucleo_configuration.elf.dir/Drivers/STM32F7xx_HAL_Driver/Src/stm32f7xx_hal_gpio.c.obj
 .comment       0x00000049       0x4a CMakeFiles/ITB_Nucleo_configuration.elf.dir/Drivers/STM32F7xx_HAL_Driver/Src/stm32f7xx_hal_pwr_ex.c.obj
 .comment       0x00000049       0x4a CMakeFiles/ITB_Nucleo_configuration.elf.dir/Drivers/STM32F7xx_HAL_Driver/Src/stm32f7xx_hal_rcc.c.obj
 .comment       0x00000049       0x4a CMakeFiles/ITB_Nucleo_configuration.elf.dir/Drivers/STM32F7xx_HAL_Driver/Src/stm32f7xx_hal_rcc_ex.c.obj
 .comment       0x00000049       0x4a CMakeFiles/ITB_Nucleo_configuration.elf.dir/Drivers/STM32F7xx_HAL_Driver/Src/stm32f7xx_hal_spi.c.obj
 .comment       0x00000049       0x4a CMakeFiles/ITB_Nucleo_configuration.elf.dir/Drivers/STM32F7xx_HAL_Driver/Src/stm32f7xx_hal_tim.c.obj
 .comment       0x00000049       0x4a CMakeFiles/ITB_Nucleo_configuration.elf.dir/Drivers/STM32F7xx_HAL_Driver/Src/stm32f7xx_hal_tim_ex.c.obj
 .comment       0x00000049       0x4a CMakeFiles/ITB_Nucleo_configuration.elf.dir/Drivers/STM32F7xx_HAL_Driver/Src/stm32f7xx_hal_uart.c.obj
 .comment       0x00000049       0x4a CMakeFiles/ITB_Nucleo_configuration.elf.dir/Src/adc.c.obj
 .comment       0x00000049       0x4a CMakeFiles/ITB_Nucleo_configuration.elf.dir/Src/can.c.obj
 .comment       0x00000049       0x4a CMakeFiles/ITB_Nucleo_configuration.elf.dir/Src/dma.c.obj
 .comment       0x00000049       0x4a CMakeFiles/ITB_Nucleo_configuration.elf.dir/Src/gpio.c.obj
 .comment       0x00000049       0x4a CMakeFiles/ITB_Nucleo_configuration.elf.dir/Src/main.c.obj
 .comment       0x00000049       0x4a CMakeFiles/ITB_Nucleo_configuration.elf.dir/Src/spi.c.obj
 .comment       0x00000049       0x4a CMakeFiles/ITB_Nucleo_configuration.elf.dir/Src/stm32f7xx_hal_msp.c.obj
 .comment       0x00000049       0x4a CMakeFiles/ITB_Nucleo_configuration.elf.dir/Src/stm32f7xx_it.c.obj
 .comment       0x00000049       0x4a CMakeFiles/ITB_Nucleo_configuration.elf.dir/Src/system_stm32f7xx.c.obj
 .comment       0x00000049       0x4a CMakeFiles/ITB_Nucleo_configuration.elf.dir/Src/tim.c.obj
 .comment       0x00000049       0x4a CMakeFiles/ITB_Nucleo_configuration.elf.dir/Src/usart.c.obj

.debug_frame    0x00000000     0x312c
 .debug_frame   0x00000000      0x22c CMakeFiles/ITB_Nucleo_configuration.elf.dir/Drivers/STM32F7xx_HAL_Driver/Src/stm32f7xx_hal.c.obj
 .debug_frame   0x0000022c      0x268 CMakeFiles/ITB_Nucleo_configuration.elf.dir/Drivers/STM32F7xx_HAL_Driver/Src/stm32f7xx_hal_adc.c.obj
 .debug_frame   0x00000494      0x2d0 CMakeFiles/ITB_Nucleo_configuration.elf.dir/Drivers/STM32F7xx_HAL_Driver/Src/stm32f7xx_hal_can.c.obj
 .debug_frame   0x00000764      0x148 CMakeFiles/ITB_Nucleo_configuration.elf.dir/Drivers/STM32F7xx_HAL_Driver/Src/stm32f7xx_hal_cortex.c.obj
 .debug_frame   0x000008ac      0x188 CMakeFiles/ITB_Nucleo_configuration.elf.dir/Drivers/STM32F7xx_HAL_Driver/Src/stm32f7xx_hal_dma.c.obj
 .debug_frame   0x00000a34       0xd8 CMakeFiles/ITB_Nucleo_configuration.elf.dir/Drivers/STM32F7xx_HAL_Driver/Src/stm32f7xx_hal_gpio.c.obj
 .debug_frame   0x00000b0c      0x134 CMakeFiles/ITB_Nucleo_configuration.elf.dir/Drivers/STM32F7xx_HAL_Driver/Src/stm32f7xx_hal_pwr_ex.c.obj
 .debug_frame   0x00000c40      0x178 CMakeFiles/ITB_Nucleo_configuration.elf.dir/Drivers/STM32F7xx_HAL_Driver/Src/stm32f7xx_hal_rcc.c.obj
 .debug_frame   0x00000db8       0xc0 CMakeFiles/ITB_Nucleo_configuration.elf.dir/Drivers/STM32F7xx_HAL_Driver/Src/stm32f7xx_hal_rcc_ex.c.obj
 .debug_frame   0x00000e78      0x5d8 CMakeFiles/ITB_Nucleo_configuration.elf.dir/Drivers/STM32F7xx_HAL_Driver/Src/stm32f7xx_hal_spi.c.obj
 .debug_frame   0x00001450      0xb60 CMakeFiles/ITB_Nucleo_configuration.elf.dir/Drivers/STM32F7xx_HAL_Driver/Src/stm32f7xx_hal_tim.c.obj
 .debug_frame   0x00001fb0      0x46c CMakeFiles/ITB_Nucleo_configuration.elf.dir/Drivers/STM32F7xx_HAL_Driver/Src/stm32f7xx_hal_tim_ex.c.obj
 .debug_frame   0x0000241c      0x610 CMakeFiles/ITB_Nucleo_configuration.elf.dir/Drivers/STM32F7xx_HAL_Driver/Src/stm32f7xx_hal_uart.c.obj
 .debug_frame   0x00002a2c       0x68 CMakeFiles/ITB_Nucleo_configuration.elf.dir/Src/adc.c.obj
 .debug_frame   0x00002a94       0x60 CMakeFiles/ITB_Nucleo_configuration.elf.dir/Src/can.c.obj
 .debug_frame   0x00002af4       0x2c CMakeFiles/ITB_Nucleo_configuration.elf.dir/Src/dma.c.obj
 .debug_frame   0x00002b20       0x3c CMakeFiles/ITB_Nucleo_configuration.elf.dir/Src/gpio.c.obj
 .debug_frame   0x00002b5c       0x5c CMakeFiles/ITB_Nucleo_configuration.elf.dir/Src/main.c.obj
 .debug_frame   0x00002bb8       0x98 CMakeFiles/ITB_Nucleo_configuration.elf.dir/Src/spi.c.obj
 .debug_frame   0x00002c50       0x28 CMakeFiles/ITB_Nucleo_configuration.elf.dir/Src/stm32f7xx_hal_msp.c.obj
 .debug_frame   0x00002c78      0x150 CMakeFiles/ITB_Nucleo_configuration.elf.dir/Src/stm32f7xx_it.c.obj
 .debug_frame   0x00002dc8       0x30 CMakeFiles/ITB_Nucleo_configuration.elf.dir/Src/system_stm32f7xx.c.obj
 .debug_frame   0x00002df8       0x88 CMakeFiles/ITB_Nucleo_configuration.elf.dir/Src/tim.c.obj
 .debug_frame   0x00002e80       0x60 CMakeFiles/ITB_Nucleo_configuration.elf.dir/Src/usart.c.obj
 .debug_frame   0x00002ee0       0x2c c:/users/giuse/scoop/apps/gcc-arm-none-eabi/current/bin/../lib/gcc/arm-none-eabi/10.3.1/thumb/v7e-m/nofp\libgcc.a(_aeabi_uldivmod.o)
 .debug_frame   0x00002f0c       0x34 c:/users/giuse/scoop/apps/gcc-arm-none-eabi/current/bin/../lib/gcc/arm-none-eabi/10.3.1/thumb/v7e-m/nofp\libgcc.a(_udivmoddi4.o)
 .debug_frame   0x00002f40       0x2c c:/users/giuse/scoop/apps/gcc-arm-none-eabi/current/bin/../lib/gcc/arm-none-eabi/10.3.1/../../../../arm-none-eabi/lib/thumb/v7e-m/nofp\libg.a(lib_a-init.o)
 .debug_frame   0x00002f6c       0x2c c:/users/giuse/scoop/apps/gcc-arm-none-eabi/current/bin/../lib/gcc/arm-none-eabi/10.3.1/../../../../arm-none-eabi/lib/thumb/v7e-m/nofp\libg.a(lib_a-memset.o)
 .debug_frame   0x00002f98       0x5c c:/users/giuse/scoop/apps/gcc-arm-none-eabi/current/bin/../lib/gcc/arm-none-eabi/10.3.1/../../../../arm-none-eabi/lib/thumb/v7e-m/nofp\libg.a(lib_a-__call_atexit.o)
 .debug_frame   0x00002ff4       0x20 c:/users/giuse/scoop/apps/gcc-arm-none-eabi/current/bin/../lib/gcc/arm-none-eabi/10.3.1/../../../../arm-none-eabi/lib/thumb/v7e-m/nofp\libg.a(lib_a-atexit.o)
 .debug_frame   0x00003014       0x34 c:/users/giuse/scoop/apps/gcc-arm-none-eabi/current/bin/../lib/gcc/arm-none-eabi/10.3.1/../../../../arm-none-eabi/lib/thumb/v7e-m/nofp\libg.a(lib_a-fini.o)
 .debug_frame   0x00003048       0xb0 c:/users/giuse/scoop/apps/gcc-arm-none-eabi/current/bin/../lib/gcc/arm-none-eabi/10.3.1/../../../../arm-none-eabi/lib/thumb/v7e-m/nofp\libg.a(lib_a-lock.o)
 .debug_frame   0x000030f8       0x34 c:/users/giuse/scoop/apps/gcc-arm-none-eabi/current/bin/../lib/gcc/arm-none-eabi/10.3.1/../../../../arm-none-eabi/lib/thumb/v7e-m/nofp\libg.a(lib_a-__atexit.o)
